******************************************************************************
                  TI ARM Linker PC v5.1.6                      
******************************************************************************
>> Linked Sat Nov 26 11:45:12 2016

OUTPUT FILE NAME:   <RYA 2015.out>
ENTRY POINT SYMBOL: "_c_int00"  address: 000038a9


MEMORY CONFIGURATION

         name            origin    length      used     unused   attr    fill
----------------------  --------  ---------  --------  --------  ----  --------
  FLASH                 00000000   00040000  00004554  0003baac  R  X
  SRAM                  20000000   00008000  00001f8b  00006075  RW X


SEGMENT ALLOCATION MAP

run origin  load origin   length   init length attrs members
----------  ----------- ---------- ----------- ----- -------
00000000    00000000    00004558   00004558    r-x
  00000000    00000000    0000026c   0000026c    r-- .intvecs
  0000026c    0000026c    00003d10   00003d10    r-x .text
  00003f7c    00003f7c    00000560   00000560    r-- .const
  000044e0    000044e0    00000078   00000078    r-- .cinit
20000000    20000000    00001f8c   00000000    rw-
  20000000    20000000    0000026c   00000000    rw- .vtable
  2000026c    2000026c    00001000   00000000    rw- .stack
  2000126c    2000126c    00000cbb   00000000    rw- .bss
  20001f28    20001f28    00000064   00000000    rw- .data


SECTION ALLOCATION MAP

 output                                  attributes/
section   page    origin      length       input sections
--------  ----  ----------  ----------   ----------------
.intvecs   0    00000000    0000026c     
                  00000000    0000026c     startup_ccs.obj (.intvecs)

.init_array 
*          0    00000000    00000000     UNINITIALIZED

.text      0    0000026c    00003d10     
                  0000026c    00000ec0     rtsv7M4_T_le_v4SPD16_eabi.lib : _printfi.obj (.text)
                  0000112c    000006a4     Bluetooth.obj (.text)
                  000017d0    00000314     qei.obj (.text)
                  00001ae4    000002dc     line_follow.obj (.text)
                  00001dc0    000002d4     main.obj (.text)
                  00002094    00000298     SystemConfig.obj (.text)
                  0000232c    000001f4     rtsv7M4_T_le_v4SPD16_eabi.lib : ull_div_t2.obj (.text)
                  00002520    000001c0     speed_control.obj (.text)
                  000026e0    000001b6     rtsv7M4_T_le_v4SPD16_eabi.lib : fd_add_t2.obj (.text)
                  00002896    00000002     --HOLE-- [fill = 0]
                  00002898    000001b4     Timer.obj (.text)
                  00002a4c    000001b0     Button.obj (.text)
                  00002bfc    0000017c     Line_Sensor.obj (.text)
                  00002d78    00000140     PID.obj (.text)
                  00002eb8    00000136     rtsv7M4_T_le_v4SPD16_eabi.lib : fd_div_t2.obj (.text)
                  00002fee    00000130     driverlib.lib : gpio.obj (.text:GPIOPadConfigSet)
                  0000311e    00000002     --HOLE-- [fill = 0]
                  00003120    00000118                   : sysctl.obj (.text:SysCtlClockGet)
                  00003238    000000fc     rtsv7M4_T_le_v4SPD16_eabi.lib : fd_mul_t2.obj (.text)
                  00003334    0000009c                                   : memcpy_t2.obj (.text)
                  000033d0    00000094                                   : auto_init.obj (.text)
                  00003464    00000086                                   : fd_cmp_t2.obj (.text:__aeabi_cdcmple)
                  000034ea    00000086                                   : fd_cmp_t2.obj (.text:__aeabi_cdrcmple)
                  00003570    00000080     driverlib.lib : adc.obj (.text:ADCSequenceStepConfigure)
                  000035f0    00000078     rtsv7M4_T_le_v4SPD16_eabi.lib : memset_t2.obj (.text)
                  00003668    00000060     driverlib.lib : interrupt.obj (.text:IntEnable)
                  000036c8    0000005e     rtsv7M4_T_le_v4SPD16_eabi.lib : copy_decompress_rle.obj (.text)
                  00003726    0000005a                                   : ltoa.obj (.text)
                  00003780    0000004c     driverlib.lib : timer.obj (.text:_TimerIntNumberGet)
                  000037cc    0000004c     rtsv7M4_T_le_v4SPD16_eabi.lib : atoi.obj (.text)
                  00003818    00000048     driverlib.lib : gpio.obj (.text:GPIOPinConfigure)
                  00003860    00000048                   : qei.obj (.text:_QEIIntNumberGet)
                  000038a8    00000048     rtsv7M4_T_le_v4SPD16_eabi.lib : boot.obj (.text)
                  000038f0    00000048                                   : fd_toi_t2.obj (.text)
                  00003938    00000048                                   : vsprintf.obj (.text)
                  00003980    00000044                                   : cpy_tbl.obj (.text)
                  000039c4    00000044                                   : exit.obj (.text)
                  00003a08    00000044                                   : xdtest.obj (.text)
                  00003a4c    00000040     driverlib.lib : uart.obj (.text:UARTConfigSetExpClk)
                  00003a8c    00000040                   : gpio.obj (.text:_GPIOIntNumberGet)
                  00003acc    00000040                   : uart.obj (.text:_UARTIntNumberGet)
                  00003b0c    0000003e                   : adc.obj (.text:ADCSequenceConfigure)
                  00003b4a    00000038     rtsv7M4_T_le_v4SPD16_eabi.lib : fs_tod_t2.obj (.text)
                  00003b82    00000002     --HOLE-- [fill = 0]
                  00003b84    00000034     driverlib.lib : interrupt.obj (.text:IntRegister)
                  00003bb8    00000034                   : sysctl.obj (.text:SysCtlPeripheralEnable)
                  00003bec    0000002e                   : adc.obj (.text:ADCIntStatus)
                  00003c1a    0000002e     rtsv7M4_T_le_v4SPD16_eabi.lib : i_tofd_t2.obj (.text)
                  00003c48    0000002a     driverlib.lib : gpio.obj (.text:GPIODirModeSet)
                  00003c72    00000022                   : pwm.obj (.text:PWMGenConfigure)
                  00003c94    0000001e                   : adc.obj (.text:ADCSequenceDataGet)
                  00003cb2    0000001e                   : pwm.obj (.text:PWMPulseWidthSet)
                  00003cd0    0000001c                   : systick.obj (.text:SysTickIntRegister)
                  00003cec    0000001c                   : uart.obj (.text:UARTDisable)
                  00003d08    0000001c     rtsv7M4_T_le_v4SPD16_eabi.lib : memccpy.obj (.text)
                  00003d24    00000018     driverlib.lib : gpio.obj (.text:GPIOIntRegister)
                  00003d3c    00000018                   : gpio.obj (.text:GPIOPinTypeGPIOOutput)
                  00003d54    00000018                   : qei.obj (.text:QEIIntRegister)
                  00003d6c    00000018                   : timer.obj (.text:TimerIntRegister)
                  00003d84    00000018                   : uart.obj (.text:UARTIntRegister)
                  00003d9c    00000018     rtsv7M4_T_le_v4SPD16_eabi.lib : args_main.obj (.text)
                  00003db4    00000018                                   : ll_mul_t2.obj (.text)
                  00003dcc    00000016     driverlib.lib : adc.obj (.text:ADCProcessorTrigger)
                  00003de2    00000002     --HOLE-- [fill = 0]
                  00003de4    00000014                   : sysctl.obj (.text:SysCtlPWMClockSet)
                  00003df8    00000014                   : uart.obj (.text:UARTEnable)
                  00003e0c    00000014     rtsv7M4_T_le_v4SPD16_eabi.lib : _lock.obj (.text)
                  00003e20    00000014                                   : strlen.obj (.text)
                  00003e34    00000012     driverlib.lib : adc.obj (.text:ADCHardwareOversampleConfigure)
                  00003e46    00000012                   : gpio.obj (.text:GPIOPinTypePWM)
                  00003e58    00000012                   : gpio.obj (.text:GPIOPinTypeUART)
                  00003e6a    00000012                   : pwm.obj (.text:PWMOutputState)
                  00003e7c    00000012     rtsv7M4_T_le_v4SPD16_eabi.lib : copy_zero_init.obj (.text:decompress:ZI)
                  00003e8e    00000012                                   : xdclass.obj (.text)
                  00003ea0    00000010     driverlib.lib : pwm.obj (.text:PWMGenPeriodSet)
                  00003eb0    0000000e                   : adc.obj (.text:ADCSequenceEnable)
                  00003ebe    0000000e                   : gpio.obj (.text:GPIOIntStatus)
                  00003ecc    0000000e                   : uart.obj (.text:UARTCharPutNonBlocking)
                  00003eda    0000000e     rtsv7M4_T_le_v4SPD16_eabi.lib : copy_decompress_none.obj (.text:decompress:none)
                  00003ee8    0000000c     driverlib.lib : cpu.obj (.text:CPUcpsid)
                  00003ef4    0000000c                   : gpio.obj (.text:GPIOIntEnable)
                  00003f00    0000000c                   : pwm.obj (.text:PWMGenEnable)
                  00003f0c    0000000c                   : uart.obj (.text:UARTCharsAvail)
                  00003f18    0000000c                   : uart.obj (.text:UARTTxIntModeSet)
                  00003f24    0000000c     startup_ccs.obj (.text)
                  00003f30    0000000a     driverlib.lib : adc.obj (.text:ADCIntClear)
                  00003f3a    0000000a                   : interrupt.obj (.text:IntMasterDisable)
                  00003f44    0000000a                   : uart.obj (.text:UARTCharGet)
                  00003f4e    0000000a                   : uart.obj (.text:UARTIntStatus)
                  00003f58    00000008                   : uart.obj (.text:UARTIntEnable)
                  00003f60    00000006                   : gpio.obj (.text:GPIOIntClear)
                  00003f66    00000006                   : gpio.obj (.text:GPIOPinWrite)
                  00003f6c    00000006                   : sysctl.obj (.text:SysCtlDelay)
                  00003f72    00000006     rtsv7M4_T_le_v4SPD16_eabi.lib : copy_decompress_rle.obj (.text:decompress:rle24)
                  00003f78    00000004     driverlib.lib : uart.obj (.text:UARTIntClear)

.const     0    00003f7c    00000560     
                  00003f7c    00000102     rtsv7M4_T_le_v4SPD16_eabi.lib : ctype.obj (.const:.string:_ctypes_)
                  0000407e    00000002     --HOLE-- [fill = 0]
                  00004080    000000c0     driverlib.lib : gpio.obj (.const:g_ppui32GPIOIntMapBlizzard)
                  00004140    000000c0                   : gpio.obj (.const:g_ppui32GPIOIntMapSnowflake)
                  00004200    00000090                   : gpio.obj (.const:g_pui32GPIOBaseAddrs)
                  00004290    00000070                   : interrupt.obj (.const)
                  00004300    0000006c                   : sysctl.obj (.const:g_pui32Xtals)
                  0000436c    00000060                   : timer.obj (.const:g_ppui32TimerIntMap)
                  000043cc    00000040     line_follow.obj (.const:error_value)
                  0000440c    00000040     driverlib.lib : timer.obj (.const:g_ppui32TimerIntMapSnowflake)
                  0000444c    00000040                   : uart.obj (.const:g_ppui32UARTIntMap)
                  0000448c    00000040                   : uart.obj (.const:g_ppui32UARTIntMapSnowflake)
                  000044cc    00000010     line_follow.obj (.const:.string)

.cinit     0    000044e0    00000078     
                  000044e0    00000041     (.cinit..data.load) [load image, compression = rle]
                  00004521    00000003     --HOLE-- [fill = 0]
                  00004524    0000000c     (__TI_handler_table)
                  00004530    00000008     (.cinit..bss.load) [load image, compression = zero_init]
                  00004538    00000008     (.cinit..vtable.load) [load image, compression = zero_init]
                  00004540    00000018     (__TI_cinit_table)

.vtable    0    20000000    0000026c     UNINITIALIZED
                  20000000    0000026c     driverlib.lib : interrupt.obj (.vtable)

.stack     0    2000026c    00001000     UNINITIALIZED
                  2000026c    00001000     --HOLE--

.bss       0    2000126c    00000cbb     UNINITIALIZED
                  2000126c    000005dc     Bluetooth.obj (.bss:rxBuffer)
                  20001848    000005dc     Bluetooth.obj (.bss:txBuffer)
                  20001e24    00000050     Timer.obj (.bss:timer_event_list)
                  20001e74    00000020     (.common:calib_black)
                  20001e94    00000020     (.common:calib_white)
                  20001eb4    00000020     (.common:raw_ADC)
                  20001ed4    00000014     (.common:HC05_Notify_Callbacks)
                  20001ee8    0000000c     (.common:hc05_EvtQueue)
                  20001ef4    00000004     (.common:Button_left_callback)
                  20001ef8    00000004     (.common:Button_right_callback)
                  20001efc    00000004     (.common:avrSpeed)
                  20001f00    00000004     (.common:error$1)
                  20001f04    00000004     (.common:lineError)
                  20001f08    00000004     (.common:qei_velocity_timeout)
                  20001f0c    00000004     (.common:u$2)
                  20001f10    00000004     (.common:ui32Load)
                  20001f14    00000004     (.common:ui32PWMClock)
                  20001f18    00000002     (.common:rxHead)
                  20001f1a    00000002     (.common:rxTail)
                  20001f1c    00000002     (.common:txHead)
                  20001f1e    00000002     (.common:txTail)
                  20001f20    00000001     (.common:calib_color)
                  20001f21    00000001     (.common:hc05_IsEvtQueueFull)
                  20001f22    00000001     (.common:hc05_SystemInfoID)
                  20001f23    00000001     (.common:hc05_SystemInfoType)
                  20001f24    00000001     (.common:hc05_Timer_ID)
                  20001f25    00000001     (.common:hc05_evt_r_index)
                  20001f26    00000001     (.common:hc05_evt_w_index)

.data      0    20001f28    00000064     UNINITIALIZED
                  20001f28    00000028     line_follow.obj (.data:pid_line_follow)
                  20001f50    00000010     SystemConfig.obj (.data)
                  20001f60    00000009     line_follow.obj (.data)
                  20001f69    00000002     Button.obj (.data)
                  20001f6b    00000001     --HOLE--
                  20001f6c    00000008     qei.obj (.data)
                  20001f74    00000008     rtsv7M4_T_le_v4SPD16_eabi.lib : _lock.obj (.data)
                  20001f7c    00000008                                   : exit.obj (.data)
                  20001f84    00000004     Bluetooth.obj (.data)
                  20001f88    00000004     rtsv7M4_T_le_v4SPD16_eabi.lib : stkdepth_vars.obj (.data)


LINKER GENERATED COPY TABLES

__TI_cinit_table @ 00004540 records: 3, size/record: 8, table size: 24
	.data: load addr=000044e0, load size=00000041 bytes, run addr=20001f28, run size=00000064 bytes, compression=rle
	.bss: load addr=00004530, load size=00000008 bytes, run addr=2000126c, run size=00000cbb bytes, compression=zero_init
	.vtable: load addr=00004538, load size=00000008 bytes, run addr=20000000, run size=0000026c bytes, compression=zero_init


LINKER GENERATED HANDLER TABLE

__TI_handler_table @ 00004524 records: 3, size/record: 4, table size: 12
	index: 0, handler: __TI_zero_init
	index: 1, handler: __TI_decompress_rle24
	index: 2, handler: __TI_decompress_none


GLOBAL SYMBOLS: SORTED ALPHABETICALLY BY Name 

address    name
--------   ----
00003e35   ADCHardwareOversampleConfigure
00003f31   ADCIntClear
00003bed   ADCIntStatus
00003dcd   ADCProcessorTrigger
00003b0d   ADCSequenceConfigure
00003c95   ADCSequenceDataGet
00003eb1   ADCSequenceEnable
00003571   ADCSequenceStepConfigure
00002bfd   ADC_Init
00001dc1   ButtonLeftHandler
00002ac7   ButtonRegisterCallback
00001eb5   ButtonRightHandler
00002a4d   Button_init
000039c5   C$$EXIT
00003ee9   CPUcpsid
0000209b   Config_System
00002d3b   Enable_Led_Sensor
00003c49   GPIODirModeSet
00003f61   GPIOIntClear
00003ef5   GPIOIntEnable
00003d25   GPIOIntRegister
00003ebf   GPIOIntStatus
00002fef   GPIOPadConfigSet
00003819   GPIOPinConfigure
00003d3d   GPIOPinTypeGPIOOutput
00003e47   GPIOPinTypePWM
00003e59   GPIOPinTypeUART
00003f67   GPIOPinWrite
00002c8f   Get_Value
00001765   HC05_ClearEvtQueue
00001571   HC05_EventProcessing
0000143d   HC05_GetRxData
0000147f   HC05_GetRxSize
0000156b   HC05_GetSystemInfoID
00001565   HC05_GetSystemInfoType
00001785   HC05_HandleTimeoutEvt
0000151f   HC05_NotifyUpperLayer
20001ed4   HC05_Notify_Callbacks
00001425   HC05_QueryRxData
00001491   HC05_RegisterEvtNotify
0000178f   HC05_RunTimeout
000017a1   HC05_StopTimeout
000014e1   HC05_UnregisterEvtNotify
00003669   IntEnable
00003f3b   IntMasterDisable
00003b85   IntRegister
00002179   LED_Display_init
000044cc   LINE_SENSOR_VALUE
00002cbd   Line_State
00003c73   PWMGenConfigure
00003f01   PWMGenEnable
00003ea1   PWMGenPeriodSet
00003e6b   PWMOutputState
00003cb3   PWMPulseWidthSet
00003d55   QEIIntRegister
00003f25   ResetISR
UNDEFED    SHT$$INIT_ARRAY$$Base
UNDEFED    SHT$$INIT_ARRAY$$Limit
0000267d   SetPWM
00003121   SysCtlClockGet
00003f6d   SysCtlDelay
00003de5   SysCtlPWMClockSet
00003bb9   SysCtlPeripheralEnable
00003cd1   SysTickIntRegister
000029b9   TIMER_ISR
00002925   TIMER_RegisterEvent
0000297d   TIMER_UnregisterEvent
00003d6d   TimerIntRegister
00002899   Timer_Init
00003f45   UARTCharGet
00003ecd   UARTCharPutNonBlocking
00003f0d   UARTCharsAvail
00003a4d   UARTConfigSetExpClk
00003ced   UARTDisable
00003df9   UARTEnable
00003f79   UARTIntClear
00003f59   UARTIntEnable
00003d85   UARTIntRegister
00003f4f   UARTIntStatus
00003f19   UARTTxIntModeSet
00003e8f   _Dclass
00003a09   _Dtest
2000126c   __STACK_END
00001000   __STACK_SIZE
2000046c   __STACK_TOP
00004540   __TI_CINIT_Base
00004558   __TI_CINIT_Limit
00004524   __TI_Handler_Table_Base
00004530   __TI_Handler_Table_Limit
00000001   __TI_args_main
000033d1   __TI_auto_init
20001f7c   __TI_cleanup_ptr
00003edb   __TI_decompress_none
00003f73   __TI_decompress_rle24
20001f80   __TI_dtors_ptr
00000e23   __TI_printfi
00000000   __TI_static_base__
00003e7d   __TI_zero_init
00003465   __aeabi_cdcmpeq
00003465   __aeabi_cdcmple
000034eb   __aeabi_cdrcmple
000038f1   __aeabi_d2iz
000026eb   __aeabi_dadd
00002eb9   __aeabi_ddiv
00003239   __aeabi_dmul
000026e1   __aeabi_dsub
00003b4b   __aeabi_f2d
00003c1b   __aeabi_i2d
00003db5   __aeabi_lmul
000035f1   __aeabi_memclr
000035f1   __aeabi_memclr4
000035f1   __aeabi_memclr8
00003335   __aeabi_memcpy
00003335   __aeabi_memcpy4
00003335   __aeabi_memcpy8
000035f3   __aeabi_memset
000035f3   __aeabi_memset4
000035f3   __aeabi_memset8
0000232d   __aeabi_uldivmod
ffffffff   __binit__
ffffffff   __c_args__
2000026c   __stack
00003d9d   _args_main
000038a9   _c_int00
00003f7c   _ctypes_
20001f74   _lock
00003e1b   _nop
00003e13   _register_lock
00003e0d   _register_unlock
20001f78   _unlock
000039c9   abort
000037cd   atoi
ffffffff   binit
0000112d   bluetooth_init
000013d5   bluetooth_print
00001265   bluetooth_recv
0000133f   bluetooth_send
20001e74   calib_black
20001f20   calib_color
20001e94   calib_white
00003981   copy_in
000043cc   error_value
000039d1   exit
20000000   g_pfnRAMVectors
00000000   g_pfnVectors
20001ee8   hc05_EvtQueue
20001f21   hc05_IsEvtQueueFull
20001f25   hc05_evt_r_index
20001f26   hc05_evt_w_index
20001f58   last_ms_Tickcount
00001b0f   lineFollow_init
00003727   ltoa
00001f69   main
20001f88   main_func_sp
00003d09   memccpy
00003335   memcpy
000035f9   memset
20001f28   pid_line_follow
00001c33   pid_linefollow_process
00002da1   pid_process
00002e8b   pid_reset
00002d79   pid_set_k_params
00001a39   qei_getPosLeft
00001a49   qei_getPosRight
000019ef   qei_getVelocity
000017d1   qei_init
00001a59   qei_setPosLeft
00001a6d   qei_setPosRight
20001eb4   raw_ADC
00002625   speed_Enable_Hbridge
00002521   speed_control_init
00003e21   strlen
00002145   system_Enable_BoostCircuit
000021fb   system_GetState
00002215   system_Process_System_State
00002201   system_SetState
00002095   u32_UsrSystemClockGet
20001f10   ui32Load
20001f14   ui32PWMClock
00003939   vsprintf


GLOBAL SYMBOLS: SORTED BY Symbol Address 

address    name
--------   ----
00000000   __TI_static_base__
00000000   g_pfnVectors
00000001   __TI_args_main
00000e23   __TI_printfi
00001000   __STACK_SIZE
0000112d   bluetooth_init
00001265   bluetooth_recv
0000133f   bluetooth_send
000013d5   bluetooth_print
00001425   HC05_QueryRxData
0000143d   HC05_GetRxData
0000147f   HC05_GetRxSize
00001491   HC05_RegisterEvtNotify
000014e1   HC05_UnregisterEvtNotify
0000151f   HC05_NotifyUpperLayer
00001565   HC05_GetSystemInfoType
0000156b   HC05_GetSystemInfoID
00001571   HC05_EventProcessing
00001765   HC05_ClearEvtQueue
00001785   HC05_HandleTimeoutEvt
0000178f   HC05_RunTimeout
000017a1   HC05_StopTimeout
000017d1   qei_init
000019ef   qei_getVelocity
00001a39   qei_getPosLeft
00001a49   qei_getPosRight
00001a59   qei_setPosLeft
00001a6d   qei_setPosRight
00001b0f   lineFollow_init
00001c33   pid_linefollow_process
00001dc1   ButtonLeftHandler
00001eb5   ButtonRightHandler
00001f69   main
00002095   u32_UsrSystemClockGet
0000209b   Config_System
00002145   system_Enable_BoostCircuit
00002179   LED_Display_init
000021fb   system_GetState
00002201   system_SetState
00002215   system_Process_System_State
0000232d   __aeabi_uldivmod
00002521   speed_control_init
00002625   speed_Enable_Hbridge
0000267d   SetPWM
000026e1   __aeabi_dsub
000026eb   __aeabi_dadd
00002899   Timer_Init
00002925   TIMER_RegisterEvent
0000297d   TIMER_UnregisterEvent
000029b9   TIMER_ISR
00002a4d   Button_init
00002ac7   ButtonRegisterCallback
00002bfd   ADC_Init
00002c8f   Get_Value
00002cbd   Line_State
00002d3b   Enable_Led_Sensor
00002d79   pid_set_k_params
00002da1   pid_process
00002e8b   pid_reset
00002eb9   __aeabi_ddiv
00002fef   GPIOPadConfigSet
00003121   SysCtlClockGet
00003239   __aeabi_dmul
00003335   __aeabi_memcpy
00003335   __aeabi_memcpy4
00003335   __aeabi_memcpy8
00003335   memcpy
000033d1   __TI_auto_init
00003465   __aeabi_cdcmpeq
00003465   __aeabi_cdcmple
000034eb   __aeabi_cdrcmple
00003571   ADCSequenceStepConfigure
000035f1   __aeabi_memclr
000035f1   __aeabi_memclr4
000035f1   __aeabi_memclr8
000035f3   __aeabi_memset
000035f3   __aeabi_memset4
000035f3   __aeabi_memset8
000035f9   memset
00003669   IntEnable
00003727   ltoa
000037cd   atoi
00003819   GPIOPinConfigure
000038a9   _c_int00
000038f1   __aeabi_d2iz
00003939   vsprintf
00003981   copy_in
000039c5   C$$EXIT
000039c9   abort
000039d1   exit
00003a09   _Dtest
00003a4d   UARTConfigSetExpClk
00003b0d   ADCSequenceConfigure
00003b4b   __aeabi_f2d
00003b85   IntRegister
00003bb9   SysCtlPeripheralEnable
00003bed   ADCIntStatus
00003c1b   __aeabi_i2d
00003c49   GPIODirModeSet
00003c73   PWMGenConfigure
00003c95   ADCSequenceDataGet
00003cb3   PWMPulseWidthSet
00003cd1   SysTickIntRegister
00003ced   UARTDisable
00003d09   memccpy
00003d25   GPIOIntRegister
00003d3d   GPIOPinTypeGPIOOutput
00003d55   QEIIntRegister
00003d6d   TimerIntRegister
00003d85   UARTIntRegister
00003d9d   _args_main
00003db5   __aeabi_lmul
00003dcd   ADCProcessorTrigger
00003de5   SysCtlPWMClockSet
00003df9   UARTEnable
00003e0d   _register_unlock
00003e13   _register_lock
00003e1b   _nop
00003e21   strlen
00003e35   ADCHardwareOversampleConfigure
00003e47   GPIOPinTypePWM
00003e59   GPIOPinTypeUART
00003e6b   PWMOutputState
00003e7d   __TI_zero_init
00003e8f   _Dclass
00003ea1   PWMGenPeriodSet
00003eb1   ADCSequenceEnable
00003ebf   GPIOIntStatus
00003ecd   UARTCharPutNonBlocking
00003edb   __TI_decompress_none
00003ee9   CPUcpsid
00003ef5   GPIOIntEnable
00003f01   PWMGenEnable
00003f0d   UARTCharsAvail
00003f19   UARTTxIntModeSet
00003f25   ResetISR
00003f31   ADCIntClear
00003f3b   IntMasterDisable
00003f45   UARTCharGet
00003f4f   UARTIntStatus
00003f59   UARTIntEnable
00003f61   GPIOIntClear
00003f67   GPIOPinWrite
00003f6d   SysCtlDelay
00003f73   __TI_decompress_rle24
00003f79   UARTIntClear
00003f7c   _ctypes_
000043cc   error_value
000044cc   LINE_SENSOR_VALUE
00004524   __TI_Handler_Table_Base
00004530   __TI_Handler_Table_Limit
00004540   __TI_CINIT_Base
00004558   __TI_CINIT_Limit
20000000   g_pfnRAMVectors
2000026c   __stack
2000046c   __STACK_TOP
2000126c   __STACK_END
20001e74   calib_black
20001e94   calib_white
20001eb4   raw_ADC
20001ed4   HC05_Notify_Callbacks
20001ee8   hc05_EvtQueue
20001f10   ui32Load
20001f14   ui32PWMClock
20001f20   calib_color
20001f21   hc05_IsEvtQueueFull
20001f25   hc05_evt_r_index
20001f26   hc05_evt_w_index
20001f28   pid_line_follow
20001f58   last_ms_Tickcount
20001f74   _lock
20001f78   _unlock
20001f7c   __TI_cleanup_ptr
20001f80   __TI_dtors_ptr
20001f88   main_func_sp
ffffffff   __binit__
ffffffff   __c_args__
ffffffff   binit
UNDEFED    SHT$$INIT_ARRAY$$Base
UNDEFED    SHT$$INIT_ARRAY$$Limit

[180 symbols]
