<?xml version="1.0"?>
<link_info>
   <banner>TI ARM Linker PC v5.1.6</banner>
   <copyright>Copyright (c) 1996-2014 Texas Instruments Incorporated</copyright>
   <link_time>0x58391358</link_time>
   <link_errors>0x0</link_errors>
   <output_file>RYA 2015.out</output_file>
   <entry_point>
      <name>_c_int00</name>
      <address>0x38a9</address>
   </entry_point>
   <input_file_list>
      <input_file id="fl-2">
         <path>.\</path>
         <kind>object</kind>
         <file>SystemConfig.obj</file>
         <name>SystemConfig.obj</name>
      </input_file>
      <input_file id="fl-3">
         <path>.\</path>
         <kind>object</kind>
         <file>main.obj</file>
         <name>main.obj</name>
      </input_file>
      <input_file id="fl-4">
         <path>.\</path>
         <kind>object</kind>
         <file>startup_ccs.obj</file>
         <name>startup_ccs.obj</name>
      </input_file>
      <input_file id="fl-5">
         <path>.\Timer\</path>
         <kind>object</kind>
         <file>Timer.obj</file>
         <name>Timer.obj</name>
      </input_file>
      <input_file id="fl-6">
         <path>.\Sensor\</path>
         <kind>object</kind>
         <file>Line_Sensor.obj</file>
         <name>Line_Sensor.obj</name>
      </input_file>
      <input_file id="fl-7">
         <path>.\STR\</path>
         <kind>object</kind>
         <file>speed_control.obj</file>
         <name>speed_control.obj</name>
      </input_file>
      <input_file id="fl-8">
         <path>.\QEI\</path>
         <kind>object</kind>
         <file>qei.obj</file>
         <name>qei.obj</name>
      </input_file>
      <input_file id="fl-9">
         <path>.\PID\</path>
         <kind>object</kind>
         <file>PID.obj</file>
         <name>PID.obj</name>
      </input_file>
      <input_file id="fl-a">
         <path>.\LineFollow\</path>
         <kind>object</kind>
         <file>line_follow.obj</file>
         <name>line_follow.obj</name>
      </input_file>
      <input_file id="fl-b">
         <path>.\Button\</path>
         <kind>object</kind>
         <file>Button.obj</file>
         <name>Button.obj</name>
      </input_file>
      <input_file id="fl-c">
         <path>.\Bluetooth\</path>
         <kind>object</kind>
         <file>Bluetooth.obj</file>
         <name>Bluetooth.obj</name>
      </input_file>
      <input_file id="fl-d">
         <path>.\Bluetooth\</path>
         <kind>object</kind>
         <file>uartstdio.obj</file>
         <name>uartstdio.obj</name>
      </input_file>
      <input_file id="fl-e">
         <path>.\Bluetooth\</path>
         <kind>object</kind>
         <file>ustdlib.obj</file>
         <name>ustdlib.obj</name>
      </input_file>
      <input_file id="fl-13c">
         <path>D:\ti\ccsv6\tools\compiler\arm_5.1.6\lib\</path>
         <kind>archive</kind>
         <file>rtsv7M4_T_le_v4SPD16_eabi.lib</file>
         <name>boot.obj</name>
      </input_file>
      <input_file id="fl-13d">
         <path>D:\ti\ccsv6\tools\compiler\arm_5.1.6\lib\</path>
         <kind>archive</kind>
         <file>rtsv7M4_T_le_v4SPD16_eabi.lib</file>
         <name>copy_decompress_none.obj</name>
      </input_file>
      <input_file id="fl-13e">
         <path>D:\ti\ccsv6\tools\compiler\arm_5.1.6\lib\</path>
         <kind>archive</kind>
         <file>rtsv7M4_T_le_v4SPD16_eabi.lib</file>
         <name>copy_decompress_rle.obj</name>
      </input_file>
      <input_file id="fl-13f">
         <path>D:\ti\ccsv6\tools\compiler\arm_5.1.6\lib\</path>
         <kind>archive</kind>
         <file>rtsv7M4_T_le_v4SPD16_eabi.lib</file>
         <name>copy_zero_init.obj</name>
      </input_file>
      <input_file id="fl-140">
         <path>D:\ti\ccsv6\tools\compiler\arm_5.1.6\lib\</path>
         <kind>archive</kind>
         <file>rtsv7M4_T_le_v4SPD16_eabi.lib</file>
         <name>exit.obj</name>
      </input_file>
      <input_file id="fl-141">
         <path>D:\ti\ccsv6\tools\compiler\arm_5.1.6\lib\</path>
         <kind>archive</kind>
         <file>rtsv7M4_T_le_v4SPD16_eabi.lib</file>
         <name>fs_tod_t2.obj</name>
      </input_file>
      <input_file id="fl-142">
         <path>D:\ti\ccsv6\tools\compiler\arm_5.1.6\lib\</path>
         <kind>archive</kind>
         <file>rtsv7M4_T_le_v4SPD16_eabi.lib</file>
         <name>memcpy_t2.obj</name>
      </input_file>
      <input_file id="fl-143">
         <path>D:\ti\ccsv6\tools\compiler\arm_5.1.6\lib\</path>
         <kind>archive</kind>
         <file>rtsv7M4_T_le_v4SPD16_eabi.lib</file>
         <name>memset_t2.obj</name>
      </input_file>
      <input_file id="fl-144">
         <path>D:\ti\ccsv6\tools\compiler\arm_5.1.6\lib\</path>
         <kind>archive</kind>
         <file>rtsv7M4_T_le_v4SPD16_eabi.lib</file>
         <name>stkdepth_vars.obj</name>
      </input_file>
      <input_file id="fl-145">
         <path>D:\ti\ccsv6\tools\compiler\arm_5.1.6\lib\</path>
         <kind>archive</kind>
         <file>rtsv7M4_T_le_v4SPD16_eabi.lib</file>
         <name>strlen.obj</name>
      </input_file>
      <input_file id="fl-146">
         <path>D:\ti\ccsv6\tools\compiler\arm_5.1.6\lib\</path>
         <kind>archive</kind>
         <file>rtsv7M4_T_le_v4SPD16_eabi.lib</file>
         <name>u_divt2.obj</name>
      </input_file>
      <input_file id="fl-147">
         <path>D:\ti\ccsv6\tools\compiler\arm_5.1.6\lib\</path>
         <kind>archive</kind>
         <file>rtsv7M4_T_le_v4SPD16_eabi.lib</file>
         <name>vsprintf.obj</name>
      </input_file>
      <input_file id="fl-148">
         <path>D:\ti\ccsv6\tools\compiler\arm_5.1.6\lib\</path>
         <kind>archive</kind>
         <file>rtsv7M4_T_le_v4SPD16_eabi.lib</file>
         <name>_lock.obj</name>
      </input_file>
      <input_file id="fl-149">
         <path>D:\ti\ccsv6\tools\compiler\arm_5.1.6\lib\</path>
         <kind>archive</kind>
         <file>rtsv7M4_T_le_v4SPD16_eabi.lib</file>
         <name>_printfi.obj</name>
      </input_file>
      <input_file id="fl-14a">
         <path>D:\ti\ccsv6\tools\compiler\arm_5.1.6\lib\</path>
         <kind>archive</kind>
         <file>rtsv7M4_T_le_v4SPD16_eabi.lib</file>
         <name>args_main.obj</name>
      </input_file>
      <input_file id="fl-14b">
         <path>D:\ti\ccsv6\tools\compiler\arm_5.1.6\lib\</path>
         <kind>archive</kind>
         <file>rtsv7M4_T_le_v4SPD16_eabi.lib</file>
         <name>atoi.obj</name>
      </input_file>
      <input_file id="fl-14c">
         <path>D:\ti\ccsv6\tools\compiler\arm_5.1.6\lib\</path>
         <kind>archive</kind>
         <file>rtsv7M4_T_le_v4SPD16_eabi.lib</file>
         <name>auto_init.obj</name>
      </input_file>
      <input_file id="fl-14d">
         <path>D:\ti\ccsv6\tools\compiler\arm_5.1.6\lib\</path>
         <kind>archive</kind>
         <file>rtsv7M4_T_le_v4SPD16_eabi.lib</file>
         <name>cpy_tbl.obj</name>
      </input_file>
      <input_file id="fl-14e">
         <path>D:\ti\ccsv6\tools\compiler\arm_5.1.6\lib\</path>
         <kind>archive</kind>
         <file>rtsv7M4_T_le_v4SPD16_eabi.lib</file>
         <name>ctype.obj</name>
      </input_file>
      <input_file id="fl-14f">
         <path>D:\ti\ccsv6\tools\compiler\arm_5.1.6\lib\</path>
         <kind>archive</kind>
         <file>rtsv7M4_T_le_v4SPD16_eabi.lib</file>
         <name>fd_add_t2.obj</name>
      </input_file>
      <input_file id="fl-150">
         <path>D:\ti\ccsv6\tools\compiler\arm_5.1.6\lib\</path>
         <kind>archive</kind>
         <file>rtsv7M4_T_le_v4SPD16_eabi.lib</file>
         <name>fd_cmp_t2.obj</name>
      </input_file>
      <input_file id="fl-151">
         <path>D:\ti\ccsv6\tools\compiler\arm_5.1.6\lib\</path>
         <kind>archive</kind>
         <file>rtsv7M4_T_le_v4SPD16_eabi.lib</file>
         <name>fd_div_t2.obj</name>
      </input_file>
      <input_file id="fl-152">
         <path>D:\ti\ccsv6\tools\compiler\arm_5.1.6\lib\</path>
         <kind>archive</kind>
         <file>rtsv7M4_T_le_v4SPD16_eabi.lib</file>
         <name>fd_mul_t2.obj</name>
      </input_file>
      <input_file id="fl-153">
         <path>D:\ti\ccsv6\tools\compiler\arm_5.1.6\lib\</path>
         <kind>archive</kind>
         <file>rtsv7M4_T_le_v4SPD16_eabi.lib</file>
         <name>fd_toi_t2.obj</name>
      </input_file>
      <input_file id="fl-154">
         <path>D:\ti\ccsv6\tools\compiler\arm_5.1.6\lib\</path>
         <kind>archive</kind>
         <file>rtsv7M4_T_le_v4SPD16_eabi.lib</file>
         <name>i_tofd_t2.obj</name>
      </input_file>
      <input_file id="fl-155">
         <path>D:\ti\ccsv6\tools\compiler\arm_5.1.6\lib\</path>
         <kind>archive</kind>
         <file>rtsv7M4_T_le_v4SPD16_eabi.lib</file>
         <name>ll_mul_t2.obj</name>
      </input_file>
      <input_file id="fl-156">
         <path>D:\ti\ccsv6\tools\compiler\arm_5.1.6\lib\</path>
         <kind>archive</kind>
         <file>rtsv7M4_T_le_v4SPD16_eabi.lib</file>
         <name>ltoa.obj</name>
      </input_file>
      <input_file id="fl-157">
         <path>D:\ti\ccsv6\tools\compiler\arm_5.1.6\lib\</path>
         <kind>archive</kind>
         <file>rtsv7M4_T_le_v4SPD16_eabi.lib</file>
         <name>memccpy.obj</name>
      </input_file>
      <input_file id="fl-158">
         <path>D:\ti\ccsv6\tools\compiler\arm_5.1.6\lib\</path>
         <kind>archive</kind>
         <file>rtsv7M4_T_le_v4SPD16_eabi.lib</file>
         <name>ull_div_t2.obj</name>
      </input_file>
      <input_file id="fl-159">
         <path>D:\ti\ccsv6\tools\compiler\arm_5.1.6\lib\</path>
         <kind>archive</kind>
         <file>rtsv7M4_T_le_v4SPD16_eabi.lib</file>
         <name>xdclass.obj</name>
      </input_file>
      <input_file id="fl-15a">
         <path>D:\ti\ccsv6\tools\compiler\arm_5.1.6\lib\</path>
         <kind>archive</kind>
         <file>rtsv7M4_T_le_v4SPD16_eabi.lib</file>
         <name>xdtest.obj</name>
      </input_file>
      <input_file id="fl-15b">
         <path>D:\ti\TivaWare_C_Series-2.1.0.12573\driverlib\ccs\Debug\</path>
         <kind>archive</kind>
         <file>driverlib.lib</file>
         <name>uart.obj</name>
      </input_file>
      <input_file id="fl-15c">
         <path>D:\ti\TivaWare_C_Series-2.1.0.12573\driverlib\ccs\Debug\</path>
         <kind>archive</kind>
         <file>driverlib.lib</file>
         <name>timer.obj</name>
      </input_file>
      <input_file id="fl-15d">
         <path>D:\ti\TivaWare_C_Series-2.1.0.12573\driverlib\ccs\Debug\</path>
         <kind>archive</kind>
         <file>driverlib.lib</file>
         <name>systick.obj</name>
      </input_file>
      <input_file id="fl-15e">
         <path>D:\ti\TivaWare_C_Series-2.1.0.12573\driverlib\ccs\Debug\</path>
         <kind>archive</kind>
         <file>driverlib.lib</file>
         <name>sysctl.obj</name>
      </input_file>
      <input_file id="fl-15f">
         <path>D:\ti\TivaWare_C_Series-2.1.0.12573\driverlib\ccs\Debug\</path>
         <kind>archive</kind>
         <file>driverlib.lib</file>
         <name>qei.obj</name>
      </input_file>
      <input_file id="fl-160">
         <path>D:\ti\TivaWare_C_Series-2.1.0.12573\driverlib\ccs\Debug\</path>
         <kind>archive</kind>
         <file>driverlib.lib</file>
         <name>pwm.obj</name>
      </input_file>
      <input_file id="fl-161">
         <path>D:\ti\TivaWare_C_Series-2.1.0.12573\driverlib\ccs\Debug\</path>
         <kind>archive</kind>
         <file>driverlib.lib</file>
         <name>interrupt.obj</name>
      </input_file>
      <input_file id="fl-162">
         <path>D:\ti\TivaWare_C_Series-2.1.0.12573\driverlib\ccs\Debug\</path>
         <kind>archive</kind>
         <file>driverlib.lib</file>
         <name>gpio.obj</name>
      </input_file>
      <input_file id="fl-163">
         <path>D:\ti\TivaWare_C_Series-2.1.0.12573\driverlib\ccs\Debug\</path>
         <kind>archive</kind>
         <file>driverlib.lib</file>
         <name>cpu.obj</name>
      </input_file>
      <input_file id="fl-164">
         <path>D:\ti\TivaWare_C_Series-2.1.0.12573\driverlib\ccs\Debug\</path>
         <kind>archive</kind>
         <file>driverlib.lib</file>
         <name>adc.obj</name>
      </input_file>
   </input_file_list>
   <object_component_list>
      <object_component id="oc-e">
         <name>.intvecs</name>
         <load_address>0x0</load_address>
         <run_address>0x0</run_address>
         <size>0x26c</size>
         <input_file_ref idref="fl-4"/>
      </object_component>
      <object_component id="oc-2d1">
         <name>.text</name>
         <load_address>0x26c</load_address>
         <run_address>0x26c</run_address>
         <size>0xec0</size>
         <input_file_ref idref="fl-149"/>
      </object_component>
      <object_component id="oc-b3">
         <name>.text</name>
         <load_address>0x112c</load_address>
         <run_address>0x112c</run_address>
         <size>0x6a4</size>
         <input_file_ref idref="fl-c"/>
      </object_component>
      <object_component id="oc-c0">
         <name>.text</name>
         <load_address>0x17d0</load_address>
         <run_address>0x17d0</run_address>
         <size>0x314</size>
         <input_file_ref idref="fl-8"/>
      </object_component>
      <object_component id="oc-d2">
         <name>.text</name>
         <load_address>0x1ae4</load_address>
         <run_address>0x1ae4</run_address>
         <size>0x2dc</size>
         <input_file_ref idref="fl-a"/>
      </object_component>
      <object_component id="oc-7b">
         <name>.text</name>
         <load_address>0x1dc0</load_address>
         <run_address>0x1dc0</run_address>
         <size>0x2d4</size>
         <input_file_ref idref="fl-3"/>
      </object_component>
      <object_component id="oc-ad">
         <name>.text</name>
         <load_address>0x2094</load_address>
         <run_address>0x2094</run_address>
         <size>0x298</size>
         <input_file_ref idref="fl-2"/>
      </object_component>
      <object_component id="oc-353">
         <name>.text</name>
         <load_address>0x232c</load_address>
         <run_address>0x232c</run_address>
         <size>0x1f4</size>
         <input_file_ref idref="fl-158"/>
      </object_component>
      <object_component id="oc-a7">
         <name>.text</name>
         <load_address>0x2520</load_address>
         <run_address>0x2520</run_address>
         <size>0x1c0</size>
         <input_file_ref idref="fl-7"/>
      </object_component>
      <object_component id="oc-381">
         <name>.text</name>
         <load_address>0x26e0</load_address>
         <run_address>0x26e0</run_address>
         <size>0x1b6</size>
         <input_file_ref idref="fl-14f"/>
      </object_component>
      <object_component id="oc-cc">
         <name>.text</name>
         <load_address>0x2898</load_address>
         <run_address>0x2898</run_address>
         <size>0x1b4</size>
         <input_file_ref idref="fl-5"/>
      </object_component>
      <object_component id="oc-d8">
         <name>.text</name>
         <load_address>0x2a4c</load_address>
         <run_address>0x2a4c</run_address>
         <size>0x1b0</size>
         <input_file_ref idref="fl-b"/>
      </object_component>
      <object_component id="oc-c6">
         <name>.text</name>
         <load_address>0x2bfc</load_address>
         <run_address>0x2bfc</run_address>
         <size>0x17c</size>
         <input_file_ref idref="fl-6"/>
      </object_component>
      <object_component id="oc-22c">
         <name>.text</name>
         <load_address>0x2d78</load_address>
         <run_address>0x2d78</run_address>
         <size>0x140</size>
         <input_file_ref idref="fl-9"/>
      </object_component>
      <object_component id="oc-367">
         <name>.text</name>
         <load_address>0x2eb8</load_address>
         <run_address>0x2eb8</run_address>
         <size>0x136</size>
         <input_file_ref idref="fl-151"/>
      </object_component>
      <object_component id="oc-284">
         <name>.text:GPIOPadConfigSet</name>
         <load_address>0x2fee</load_address>
         <run_address>0x2fee</run_address>
         <size>0x130</size>
         <input_file_ref idref="fl-162"/>
      </object_component>
      <object_component id="oc-b9">
         <name>.text:SysCtlClockGet</name>
         <load_address>0x3120</load_address>
         <run_address>0x3120</run_address>
         <size>0x118</size>
         <input_file_ref idref="fl-15e"/>
      </object_component>
      <object_component id="oc-362">
         <name>.text</name>
         <load_address>0x3238</load_address>
         <run_address>0x3238</run_address>
         <size>0xfc</size>
         <input_file_ref idref="fl-152"/>
      </object_component>
      <object_component id="oc-47">
         <name>.text</name>
         <load_address>0x3334</load_address>
         <run_address>0x3334</run_address>
         <size>0x9c</size>
         <input_file_ref idref="fl-142"/>
      </object_component>
      <object_component id="oc-32">
         <name>.text</name>
         <load_address>0x33d0</load_address>
         <run_address>0x33d0</run_address>
         <size>0x94</size>
         <input_file_ref idref="fl-14c"/>
      </object_component>
      <object_component id="oc-35d">
         <name>.text:__aeabi_cdcmple</name>
         <load_address>0x3464</load_address>
         <run_address>0x3464</run_address>
         <size>0x86</size>
         <input_file_ref idref="fl-150"/>
      </object_component>
      <object_component id="oc-36c">
         <name>.text:__aeabi_cdrcmple</name>
         <load_address>0x34ea</load_address>
         <run_address>0x34ea</run_address>
         <size>0x86</size>
         <input_file_ref idref="fl-150"/>
      </object_component>
      <object_component id="oc-1ea">
         <name>.text:ADCSequenceStepConfigure</name>
         <load_address>0x3570</load_address>
         <run_address>0x3570</run_address>
         <size>0x80</size>
         <input_file_ref idref="fl-164"/>
      </object_component>
      <object_component id="oc-194">
         <name>.text</name>
         <load_address>0x35f0</load_address>
         <run_address>0x35f0</run_address>
         <size>0x78</size>
         <input_file_ref idref="fl-143"/>
      </object_component>
      <object_component id="oc-164">
         <name>.text:IntEnable</name>
         <load_address>0x3668</load_address>
         <run_address>0x3668</run_address>
         <size>0x60</size>
         <input_file_ref idref="fl-161"/>
      </object_component>
      <object_component id="oc-5a">
         <name>.text</name>
         <load_address>0x36c8</load_address>
         <run_address>0x36c8</run_address>
         <size>0x5e</size>
         <input_file_ref idref="fl-13e"/>
      </object_component>
      <object_component id="oc-376">
         <name>.text</name>
         <load_address>0x3726</load_address>
         <run_address>0x3726</run_address>
         <size>0x5a</size>
         <input_file_ref idref="fl-156"/>
      </object_component>
      <object_component id="oc-303">
         <name>.text:_TimerIntNumberGet</name>
         <load_address>0x3780</load_address>
         <run_address>0x3780</run_address>
         <size>0x4c</size>
         <input_file_ref idref="fl-15c"/>
      </object_component>
      <object_component id="oc-392">
         <name>.text</name>
         <load_address>0x37cc</load_address>
         <run_address>0x37cc</run_address>
         <size>0x4c</size>
         <input_file_ref idref="fl-14b"/>
      </object_component>
      <object_component id="oc-114">
         <name>.text:GPIOPinConfigure</name>
         <load_address>0x3818</load_address>
         <run_address>0x3818</run_address>
         <size>0x48</size>
         <input_file_ref idref="fl-162"/>
      </object_component>
      <object_component id="oc-2ec">
         <name>.text:_QEIIntNumberGet</name>
         <load_address>0x3860</load_address>
         <run_address>0x3860</run_address>
         <size>0x48</size>
         <input_file_ref idref="fl-15f"/>
      </object_component>
      <object_component id="oc-11">
         <name>.text</name>
         <load_address>0x38a8</load_address>
         <run_address>0x38a8</run_address>
         <size>0x48</size>
         <input_file_ref idref="fl-13c"/>
      </object_component>
      <object_component id="oc-371">
         <name>.text</name>
         <load_address>0x38f0</load_address>
         <run_address>0x38f0</run_address>
         <size>0x48</size>
         <input_file_ref idref="fl-153"/>
      </object_component>
      <object_component id="oc-199">
         <name>.text</name>
         <load_address>0x3938</load_address>
         <run_address>0x3938</run_address>
         <size>0x48</size>
         <input_file_ref idref="fl-147"/>
      </object_component>
      <object_component id="oc-74">
         <name>.text</name>
         <load_address>0x3980</load_address>
         <run_address>0x3980</run_address>
         <size>0x44</size>
         <input_file_ref idref="fl-14d"/>
      </object_component>
      <object_component id="oc-3d">
         <name>.text</name>
         <load_address>0x39c4</load_address>
         <run_address>0x39c4</run_address>
         <size>0x44</size>
         <input_file_ref idref="fl-140"/>
      </object_component>
      <object_component id="oc-3de">
         <name>.text</name>
         <load_address>0x3a08</load_address>
         <run_address>0x3a08</run_address>
         <size>0x44</size>
         <input_file_ref idref="fl-15a"/>
      </object_component>
      <object_component id="oc-158">
         <name>.text:UARTConfigSetExpClk</name>
         <load_address>0x3a4c</load_address>
         <run_address>0x3a4c</run_address>
         <size>0x40</size>
         <input_file_ref idref="fl-15b"/>
      </object_component>
      <object_component id="oc-320">
         <name>.text:_GPIOIntNumberGet</name>
         <load_address>0x3a8c</load_address>
         <run_address>0x3a8c</run_address>
         <size>0x40</size>
         <input_file_ref idref="fl-162"/>
      </object_component>
      <object_component id="oc-2bd">
         <name>.text:_UARTIntNumberGet</name>
         <load_address>0x3acc</load_address>
         <run_address>0x3acc</run_address>
         <size>0x40</size>
         <input_file_ref idref="fl-15b"/>
      </object_component>
      <object_component id="oc-1e4">
         <name>.text:ADCSequenceConfigure</name>
         <load_address>0x3b0c</load_address>
         <run_address>0x3b0c</run_address>
         <size>0x3e</size>
         <input_file_ref idref="fl-164"/>
      </object_component>
      <object_component id="oc-232">
         <name>.text</name>
         <load_address>0x3b4a</load_address>
         <run_address>0x3b4a</run_address>
         <size>0x38</size>
         <input_file_ref idref="fl-141"/>
      </object_component>
      <object_component id="oc-29d">
         <name>.text:IntRegister</name>
         <load_address>0x3b84</load_address>
         <run_address>0x3b84</run_address>
         <size>0x34</size>
         <input_file_ref idref="fl-161"/>
      </object_component>
      <object_component id="oc-108">
         <name>.text:SysCtlPeripheralEnable</name>
         <load_address>0x3bb8</load_address>
         <run_address>0x3bb8</run_address>
         <size>0x34</size>
         <input_file_ref idref="fl-15e"/>
      </object_component>
      <object_component id="oc-202">
         <name>.text:ADCIntStatus</name>
         <load_address>0x3bec</load_address>
         <run_address>0x3bec</run_address>
         <size>0x2e</size>
         <input_file_ref idref="fl-164"/>
      </object_component>
      <object_component id="oc-37c">
         <name>.text</name>
         <load_address>0x3c1a</load_address>
         <run_address>0x3c1a</run_address>
         <size>0x2e</size>
         <input_file_ref idref="fl-154"/>
      </object_component>
      <object_component id="oc-27e">
         <name>.text:GPIODirModeSet</name>
         <load_address>0x3c48</load_address>
         <run_address>0x3c48</run_address>
         <size>0x2a</size>
         <input_file_ref idref="fl-162"/>
      </object_component>
      <object_component id="oc-11a">
         <name>.text:PWMGenConfigure</name>
         <load_address>0x3c72</load_address>
         <run_address>0x3c72</run_address>
         <size>0x22</size>
         <input_file_ref idref="fl-160"/>
      </object_component>
      <object_component id="oc-208">
         <name>.text:ADCSequenceDataGet</name>
         <load_address>0x3c94</load_address>
         <run_address>0x3c94</run_address>
         <size>0x1e</size>
         <input_file_ref idref="fl-164"/>
      </object_component>
      <object_component id="oc-132">
         <name>.text:PWMPulseWidthSet</name>
         <load_address>0x3cb2</load_address>
         <run_address>0x3cb2</run_address>
         <size>0x1e</size>
         <input_file_ref idref="fl-160"/>
      </object_component>
      <object_component id="oc-13d">
         <name>.text:SysTickIntRegister</name>
         <load_address>0x3cd0</load_address>
         <run_address>0x3cd0</run_address>
         <size>0x1c</size>
         <input_file_ref idref="fl-15d"/>
      </object_component>
      <object_component id="oc-2af">
         <name>.text:UARTDisable</name>
         <load_address>0x3cec</load_address>
         <run_address>0x3cec</run_address>
         <size>0x1c</size>
         <input_file_ref idref="fl-15b"/>
      </object_component>
      <object_component id="oc-38c">
         <name>.text</name>
         <load_address>0x3d08</load_address>
         <run_address>0x3d08</run_address>
         <size>0x1c</size>
         <input_file_ref idref="fl-157"/>
      </object_component>
      <object_component id="oc-24a">
         <name>.text:GPIOIntRegister</name>
         <load_address>0x3d24</load_address>
         <run_address>0x3d24</run_address>
         <size>0x18</size>
         <input_file_ref idref="fl-162"/>
      </object_component>
      <object_component id="oc-20e">
         <name>.text:GPIOPinTypeGPIOOutput</name>
         <load_address>0x3d3c</load_address>
         <run_address>0x3d3c</run_address>
         <size>0x18</size>
         <input_file_ref idref="fl-162"/>
      </object_component>
      <object_component id="oc-1d0">
         <name>.text:QEIIntRegister</name>
         <load_address>0x3d54</load_address>
         <run_address>0x3d54</run_address>
         <size>0x18</size>
         <input_file_ref idref="fl-15f"/>
      </object_component>
      <object_component id="oc-21d">
         <name>.text:TimerIntRegister</name>
         <load_address>0x3d6c</load_address>
         <run_address>0x3d6c</run_address>
         <size>0x18</size>
         <input_file_ref idref="fl-15c"/>
      </object_component>
      <object_component id="oc-15e">
         <name>.text:UARTIntRegister</name>
         <load_address>0x3d84</load_address>
         <run_address>0x3d84</run_address>
         <size>0x18</size>
         <input_file_ref idref="fl-15b"/>
      </object_component>
      <object_component id="oc-37">
         <name>.text</name>
         <load_address>0x3d9c</load_address>
         <run_address>0x3d9c</run_address>
         <size>0x18</size>
         <input_file_ref idref="fl-14a"/>
      </object_component>
      <object_component id="oc-358">
         <name>.text</name>
         <load_address>0x3db4</load_address>
         <run_address>0x3db4</run_address>
         <size>0x18</size>
         <input_file_ref idref="fl-155"/>
      </object_component>
      <object_component id="oc-1fc">
         <name>.text:ADCProcessorTrigger</name>
         <load_address>0x3dcc</load_address>
         <run_address>0x3dcc</run_address>
         <size>0x16</size>
         <input_file_ref idref="fl-164"/>
      </object_component>
      <object_component id="oc-102">
         <name>.text:SysCtlPWMClockSet</name>
         <load_address>0x3de4</load_address>
         <run_address>0x3de4</run_address>
         <size>0x14</size>
         <input_file_ref idref="fl-15e"/>
      </object_component>
      <object_component id="oc-2b5">
         <name>.text:UARTEnable</name>
         <load_address>0x3df8</load_address>
         <run_address>0x3df8</run_address>
         <size>0x14</size>
         <input_file_ref idref="fl-15b"/>
      </object_component>
      <object_component id="oc-ed">
         <name>.text</name>
         <load_address>0x3e0c</load_address>
         <run_address>0x3e0c</run_address>
         <size>0x14</size>
         <input_file_ref idref="fl-148"/>
      </object_component>
      <object_component id="oc-19f">
         <name>.text</name>
         <load_address>0x3e20</load_address>
         <run_address>0x3e20</run_address>
         <size>0x14</size>
         <input_file_ref idref="fl-145"/>
      </object_component>
      <object_component id="oc-1de">
         <name>.text:ADCHardwareOversampleConfigure</name>
         <load_address>0x3e34</load_address>
         <run_address>0x3e34</run_address>
         <size>0x12</size>
         <input_file_ref idref="fl-164"/>
      </object_component>
      <object_component id="oc-10e">
         <name>.text:GPIOPinTypePWM</name>
         <load_address>0x3e46</load_address>
         <run_address>0x3e46</run_address>
         <size>0x12</size>
         <input_file_ref idref="fl-162"/>
      </object_component>
      <object_component id="oc-152">
         <name>.text:GPIOPinTypeUART</name>
         <load_address>0x3e58</load_address>
         <run_address>0x3e58</run_address>
         <size>0x12</size>
         <input_file_ref idref="fl-162"/>
      </object_component>
      <object_component id="oc-126">
         <name>.text:PWMOutputState</name>
         <load_address>0x3e6a</load_address>
         <run_address>0x3e6a</run_address>
         <size>0x12</size>
         <input_file_ref idref="fl-160"/>
      </object_component>
      <object_component id="oc-1c">
         <name>.text:decompress:ZI</name>
         <load_address>0x3e7c</load_address>
         <run_address>0x3e7c</run_address>
         <size>0x12</size>
         <input_file_ref idref="fl-13f"/>
      </object_component>
      <object_component id="oc-386">
         <name>.text</name>
         <load_address>0x3e8e</load_address>
         <run_address>0x3e8e</run_address>
         <size>0x12</size>
         <input_file_ref idref="fl-159"/>
      </object_component>
      <object_component id="oc-120">
         <name>.text:PWMGenPeriodSet</name>
         <load_address>0x3ea0</load_address>
         <run_address>0x3ea0</run_address>
         <size>0x10</size>
         <input_file_ref idref="fl-160"/>
      </object_component>
      <object_component id="oc-1f0">
         <name>.text:ADCSequenceEnable</name>
         <load_address>0x3eb0</load_address>
         <run_address>0x3eb0</run_address>
         <size>0xe</size>
         <input_file_ref idref="fl-164"/>
      </object_component>
      <object_component id="oc-25c">
         <name>.text:GPIOIntStatus</name>
         <load_address>0x3ebe</load_address>
         <run_address>0x3ebe</run_address>
         <size>0xe</size>
         <input_file_ref idref="fl-162"/>
      </object_component>
      <object_component id="oc-182">
         <name>.text:UARTCharPutNonBlocking</name>
         <load_address>0x3ecc</load_address>
         <run_address>0x3ecc</run_address>
         <size>0xe</size>
         <input_file_ref idref="fl-15b"/>
      </object_component>
      <object_component id="oc-16">
         <name>.text:decompress:none</name>
         <load_address>0x3eda</load_address>
         <run_address>0x3eda</run_address>
         <size>0xe</size>
         <input_file_ref idref="fl-13d"/>
      </object_component>
      <object_component id="oc-2a5">
         <name>.text:CPUcpsid</name>
         <load_address>0x3ee8</load_address>
         <run_address>0x3ee8</run_address>
         <size>0xc</size>
         <input_file_ref idref="fl-163"/>
      </object_component>
      <object_component id="oc-250">
         <name>.text:GPIOIntEnable</name>
         <load_address>0x3ef4</load_address>
         <run_address>0x3ef4</run_address>
         <size>0xc</size>
         <input_file_ref idref="fl-162"/>
      </object_component>
      <object_component id="oc-12c">
         <name>.text:PWMGenEnable</name>
         <load_address>0x3f00</load_address>
         <run_address>0x3f00</run_address>
         <size>0xc</size>
         <input_file_ref idref="fl-160"/>
      </object_component>
      <object_component id="oc-18e">
         <name>.text:UARTCharsAvail</name>
         <load_address>0x3f0c</load_address>
         <run_address>0x3f0c</run_address>
         <size>0xc</size>
         <input_file_ref idref="fl-15b"/>
      </object_component>
      <object_component id="oc-170">
         <name>.text:UARTTxIntModeSet</name>
         <load_address>0x3f18</load_address>
         <run_address>0x3f18</run_address>
         <size>0xc</size>
         <input_file_ref idref="fl-15b"/>
      </object_component>
      <object_component id="oc-29">
         <name>.text</name>
         <load_address>0x3f24</load_address>
         <run_address>0x3f24</run_address>
         <size>0xc</size>
         <input_file_ref idref="fl-4"/>
      </object_component>
      <object_component id="oc-1f6">
         <name>.text:ADCIntClear</name>
         <load_address>0x3f30</load_address>
         <run_address>0x3f30</run_address>
         <size>0xa</size>
         <input_file_ref idref="fl-164"/>
      </object_component>
      <object_component id="oc-143">
         <name>.text:IntMasterDisable</name>
         <load_address>0x3f3a</load_address>
         <run_address>0x3f3a</run_address>
         <size>0xa</size>
         <input_file_ref idref="fl-161"/>
      </object_component>
      <object_component id="oc-188">
         <name>.text:UARTCharGet</name>
         <load_address>0x3f44</load_address>
         <run_address>0x3f44</run_address>
         <size>0xa</size>
         <input_file_ref idref="fl-15b"/>
      </object_component>
      <object_component id="oc-176">
         <name>.text:UARTIntStatus</name>
         <load_address>0x3f4e</load_address>
         <run_address>0x3f4e</run_address>
         <size>0xa</size>
         <input_file_ref idref="fl-15b"/>
      </object_component>
      <object_component id="oc-16a">
         <name>.text:UARTIntEnable</name>
         <load_address>0x3f58</load_address>
         <run_address>0x3f58</run_address>
         <size>0x8</size>
         <input_file_ref idref="fl-15b"/>
      </object_component>
      <object_component id="oc-256">
         <name>.text:GPIOIntClear</name>
         <load_address>0x3f60</load_address>
         <run_address>0x3f60</run_address>
         <size>0x6</size>
         <input_file_ref idref="fl-162"/>
      </object_component>
      <object_component id="oc-214">
         <name>.text:GPIOPinWrite</name>
         <load_address>0x3f66</load_address>
         <run_address>0x3f66</run_address>
         <size>0x6</size>
         <input_file_ref idref="fl-162"/>
      </object_component>
      <object_component id="oc-bf">
         <name>.text:SysCtlDelay</name>
         <load_address>0x3f6c</load_address>
         <run_address>0x3f6c</run_address>
         <size>0x6</size>
         <input_file_ref idref="fl-15e"/>
      </object_component>
      <object_component id="oc-22">
         <name>.text:decompress:rle24</name>
         <load_address>0x3f72</load_address>
         <run_address>0x3f72</run_address>
         <size>0x6</size>
         <input_file_ref idref="fl-13e"/>
      </object_component>
      <object_component id="oc-17c">
         <name>.text:UARTIntClear</name>
         <load_address>0x3f78</load_address>
         <run_address>0x3f78</run_address>
         <size>0x4</size>
         <input_file_ref idref="fl-15b"/>
      </object_component>
      <object_component id="oc-3e7">
         <name>.const:.string:_ctypes_</name>
         <load_address>0x3f7c</load_address>
         <run_address>0x3f7c</run_address>
         <size>0x102</size>
         <input_file_ref idref="fl-14e"/>
      </object_component>
      <object_component id="oc-3c6">
         <name>.const:g_ppui32GPIOIntMapBlizzard</name>
         <load_address>0x4080</load_address>
         <run_address>0x4080</run_address>
         <size>0xc0</size>
         <input_file_ref idref="fl-162"/>
      </object_component>
      <object_component id="oc-3c9">
         <name>.const:g_ppui32GPIOIntMapSnowflake</name>
         <load_address>0x4140</load_address>
         <run_address>0x4140</run_address>
         <size>0xc0</size>
         <input_file_ref idref="fl-162"/>
      </object_component>
      <object_component id="oc-28b">
         <name>.const:g_pui32GPIOBaseAddrs</name>
         <load_address>0x4200</load_address>
         <run_address>0x4200</run_address>
         <size>0x90</size>
         <input_file_ref idref="fl-162"/>
      </object_component>
      <object_component id="oc-2c4">
         <name>.const</name>
         <load_address>0x4290</load_address>
         <run_address>0x4290</run_address>
         <size>0x70</size>
         <input_file_ref idref="fl-161"/>
      </object_component>
      <object_component id="oc-1c7">
         <name>.const:g_pui32Xtals</name>
         <load_address>0x4300</load_address>
         <run_address>0x4300</run_address>
         <size>0x6c</size>
         <input_file_ref idref="fl-15e"/>
      </object_component>
      <object_component id="oc-3b4">
         <name>.const:g_ppui32TimerIntMap</name>
         <load_address>0x436c</load_address>
         <run_address>0x436c</run_address>
         <size>0x60</size>
         <input_file_ref idref="fl-15c"/>
      </object_component>
      <object_component id="oc-246">
         <name>.const:error_value</name>
         <load_address>0x43cc</load_address>
         <run_address>0x43cc</run_address>
         <size>0x40</size>
         <input_file_ref idref="fl-a"/>
      </object_component>
      <object_component id="oc-3b7">
         <name>.const:g_ppui32TimerIntMapSnowflake</name>
         <load_address>0x440c</load_address>
         <run_address>0x440c</run_address>
         <size>0x40</size>
         <input_file_ref idref="fl-15c"/>
      </object_component>
      <object_component id="oc-348">
         <name>.const:g_ppui32UARTIntMap</name>
         <load_address>0x444c</load_address>
         <run_address>0x444c</run_address>
         <size>0x40</size>
         <input_file_ref idref="fl-15b"/>
      </object_component>
      <object_component id="oc-34b">
         <name>.const:g_ppui32UARTIntMapSnowflake</name>
         <load_address>0x448c</load_address>
         <run_address>0x448c</run_address>
         <size>0x40</size>
         <input_file_ref idref="fl-15b"/>
      </object_component>
      <object_component id="oc-242">
         <name>.const:.string</name>
         <load_address>0x44cc</load_address>
         <run_address>0x44cc</run_address>
         <size>0x10</size>
         <input_file_ref idref="fl-a"/>
      </object_component>
      <object_component id="oc-429">
         <name>.cinit..data.load</name>
         <load_address>0x44e0</load_address>
         <run_address>0x44e0</run_address>
         <size>0x41</size>
      </object_component>
      <object_component id="oc-426">
         <name>__TI_handler_table</name>
         <load_address>0x4524</load_address>
         <run_address>0x4524</run_address>
         <size>0xc</size>
      </object_component>
      <object_component id="oc-42a">
         <name>.cinit..bss.load</name>
         <load_address>0x4530</load_address>
         <run_address>0x4530</run_address>
         <size>0x8</size>
      </object_component>
      <object_component id="oc-428">
         <name>.cinit..vtable.load</name>
         <load_address>0x4538</load_address>
         <run_address>0x4538</run_address>
         <size>0x8</size>
      </object_component>
      <object_component id="oc-427">
         <name>__TI_cinit_table</name>
         <load_address>0x4540</load_address>
         <run_address>0x4540</run_address>
         <size>0x18</size>
      </object_component>
      <object_component id="oc-33d">
         <name>.vtable</name>
         <uninitialized>true</uninitialized>
         <run_address>0x20000000</run_address>
         <size>0x26c</size>
         <input_file_ref idref="fl-161"/>
      </object_component>
      <object_component id="oc-43">
         <name>.data</name>
         <load_address>0x20001f88</load_address>
         <run_address>0x20001f88</run_address>
         <size>0x4</size>
         <input_file_ref idref="fl-144"/>
      </object_component>
      <object_component id="oc-83">
         <name>.data</name>
         <load_address>0x20001f74</load_address>
         <run_address>0x20001f74</run_address>
         <size>0x8</size>
         <input_file_ref idref="fl-148"/>
      </object_component>
      <object_component id="oc-86">
         <name>.data</name>
         <load_address>0x20001f7c</load_address>
         <run_address>0x20001f7c</run_address>
         <size>0x8</size>
         <input_file_ref idref="fl-140"/>
      </object_component>
      <object_component id="oc-149">
         <name>.data</name>
         <load_address>0x20001f50</load_address>
         <run_address>0x20001f50</run_address>
         <size>0x10</size>
         <input_file_ref idref="fl-2"/>
      </object_component>
      <object_component id="oc-1ac">
         <name>.data</name>
         <load_address>0x20001f84</load_address>
         <run_address>0x20001f84</run_address>
         <size>0x4</size>
         <input_file_ref idref="fl-c"/>
      </object_component>
      <object_component id="oc-1d6">
         <name>.data</name>
         <load_address>0x20001f6c</load_address>
         <run_address>0x20001f6c</run_address>
         <size>0x8</size>
         <input_file_ref idref="fl-8"/>
      </object_component>
      <object_component id="oc-237">
         <name>.data</name>
         <load_address>0x20001f60</load_address>
         <run_address>0x20001f60</run_address>
         <size>0x9</size>
         <input_file_ref idref="fl-a"/>
      </object_component>
      <object_component id="oc-23a">
         <name>.data:pid_line_follow</name>
         <load_address>0x20001f28</load_address>
         <run_address>0x20001f28</run_address>
         <size>0x28</size>
         <input_file_ref idref="fl-a"/>
      </object_component>
      <object_component id="oc-266">
         <name>.data</name>
         <load_address>0x20001f69</load_address>
         <run_address>0x20001f69</run_address>
         <size>0x2</size>
         <input_file_ref idref="fl-b"/>
      </object_component>
      <object_component id="oc-1a9">
         <name>.bss:txBuffer</name>
         <uninitialized>true</uninitialized>
         <run_address>0x20001848</run_address>
         <size>0x5dc</size>
         <input_file_ref idref="fl-c"/>
      </object_component>
      <object_component id="oc-1b1">
         <name>.bss:rxBuffer</name>
         <uninitialized>true</uninitialized>
         <run_address>0x2000126c</run_address>
         <size>0x5dc</size>
         <input_file_ref idref="fl-c"/>
      </object_component>
      <object_component id="oc-223">
         <name>.bss:timer_event_list</name>
         <uninitialized>true</uninitialized>
         <run_address>0x20001e24</run_address>
         <size>0x50</size>
         <input_file_ref idref="fl-5"/>
      </object_component>
      <object_component id="oc-de">
         <name>.common:calib_color</name>
         <uninitialized>true</uninitialized>
         <run_address>0x20001f20</run_address>
         <size>0x1</size>
      </object_component>
      <object_component id="oc-21b">
         <name>.common:calib_white</name>
         <uninitialized>true</uninitialized>
         <run_address>0x20001e94</run_address>
         <size>0x20</size>
      </object_component>
      <object_component id="oc-e1">
         <name>.common:calib_black</name>
         <uninitialized>true</uninitialized>
         <run_address>0x20001e74</run_address>
         <size>0x20</size>
      </object_component>
      <object_component id="oc-21a">
         <name>.common:raw_ADC</name>
         <uninitialized>true</uninitialized>
         <run_address>0x20001eb4</run_address>
         <size>0x20</size>
      </object_component>
      <object_component id="oc-13b">
         <name>.common:ui32Load</name>
         <uninitialized>true</uninitialized>
         <run_address>0x20001f10</run_address>
         <size>0x4</size>
      </object_component>
      <object_component id="oc-138">
         <name>.common:ui32PWMClock</name>
         <uninitialized>true</uninitialized>
         <run_address>0x20001f14</run_address>
         <size>0x4</size>
      </object_component>
      <object_component id="oc-1dc">
         <name>.common:qei_velocity_timeout</name>
         <uninitialized>true</uninitialized>
         <run_address>0x20001f08</run_address>
         <size>0x4</size>
      </object_component>
      <object_component id="oc-245">
         <name>.common:lineError</name>
         <uninitialized>true</uninitialized>
         <run_address>0x20001f04</run_address>
         <size>0x4</size>
      </object_component>
      <object_component id="oc-23d">
         <name>.common:avrSpeed</name>
         <uninitialized>true</uninitialized>
         <run_address>0x20001efc</run_address>
         <size>0x4</size>
      </object_component>
      <object_component id="oc-240">
         <name>.common:error$1</name>
         <uninitialized>true</uninitialized>
         <run_address>0x20001f00</run_address>
         <size>0x4</size>
      </object_component>
      <object_component id="oc-241">
         <name>.common:u$2</name>
         <uninitialized>true</uninitialized>
         <run_address>0x20001f0c</run_address>
         <size>0x4</size>
      </object_component>
      <object_component id="oc-262">
         <name>.common:Button_right_callback</name>
         <uninitialized>true</uninitialized>
         <run_address>0x20001ef8</run_address>
         <size>0x4</size>
      </object_component>
      <object_component id="oc-265">
         <name>.common:Button_left_callback</name>
         <uninitialized>true</uninitialized>
         <run_address>0x20001ef4</run_address>
         <size>0x4</size>
      </object_component>
      <object_component id="oc-1af">
         <name>.common:rxHead</name>
         <uninitialized>true</uninitialized>
         <run_address>0x20001f18</run_address>
         <size>0x2</size>
      </object_component>
      <object_component id="oc-1b0">
         <name>.common:rxTail</name>
         <uninitialized>true</uninitialized>
         <run_address>0x20001f1a</run_address>
         <size>0x2</size>
      </object_component>
      <object_component id="oc-1a8">
         <name>.common:txHead</name>
         <uninitialized>true</uninitialized>
         <run_address>0x20001f1c</run_address>
         <size>0x2</size>
      </object_component>
      <object_component id="oc-1a5">
         <name>.common:txTail</name>
         <uninitialized>true</uninitialized>
         <run_address>0x20001f1e</run_address>
         <size>0x2</size>
      </object_component>
      <object_component id="oc-1b5">
         <name>.common:hc05_SystemInfoType</name>
         <uninitialized>true</uninitialized>
         <run_address>0x20001f23</run_address>
         <size>0x1</size>
      </object_component>
      <object_component id="oc-1b6">
         <name>.common:hc05_SystemInfoID</name>
         <uninitialized>true</uninitialized>
         <run_address>0x20001f22</run_address>
         <size>0x1</size>
      </object_component>
      <object_component id="oc-1bb">
         <name>.common:hc05_Timer_ID</name>
         <uninitialized>true</uninitialized>
         <run_address>0x20001f24</run_address>
         <size>0x1</size>
      </object_component>
      <object_component id="oc-1ba">
         <name>.common:hc05_EvtQueue</name>
         <uninitialized>true</uninitialized>
         <run_address>0x20001ee8</run_address>
         <size>0xc</size>
      </object_component>
      <object_component id="oc-1b9">
         <name>.common:hc05_evt_w_index</name>
         <uninitialized>true</uninitialized>
         <run_address>0x20001f26</run_address>
         <size>0x1</size>
      </object_component>
      <object_component id="oc-1b8">
         <name>.common:hc05_evt_r_index</name>
         <uninitialized>true</uninitialized>
         <run_address>0x20001f25</run_address>
         <size>0x1</size>
      </object_component>
      <object_component id="oc-1b7">
         <name>.common:hc05_IsEvtQueueFull</name>
         <uninitialized>true</uninitialized>
         <run_address>0x20001f21</run_address>
         <size>0x1</size>
      </object_component>
      <object_component id="oc-1b4">
         <name>.common:HC05_Notify_Callbacks</name>
         <uninitialized>true</uninitialized>
         <run_address>0x20001ed4</run_address>
         <size>0x14</size>
      </object_component>
      <object_component id="oc-28">
         <name>.stack</name>
         <uninitialized>true</uninitialized>
         <run_address>0x2000026c</run_address>
         <size>0x0</size>
         <input_file_ref idref="fl-13c"/>
      </object_component>
      <object_component id="oc-42b">
         <name>.stack</name>
         <uninitialized>true</uninitialized>
         <run_address>0x2000026c</run_address>
         <size>0x0</size>
      </object_component>
      <object_component id="oc-f">
         <name>.debug_info</name>
         <load_address>0x0</load_address>
         <run_address>0x0</run_address>
         <size>0xd2</size>
         <input_file_ref idref="fl-4"/>
      </object_component>
      <object_component id="oc-12">
         <name>.debug_info</name>
         <load_address>0xd2</load_address>
         <run_address>0xd2</run_address>
         <size>0xf3</size>
         <input_file_ref idref="fl-13c"/>
      </object_component>
      <object_component id="oc-19">
         <name>.debug_info</name>
         <load_address>0x1c5</load_address>
         <run_address>0x1c5</run_address>
         <size>0x194</size>
         <input_file_ref idref="fl-13d"/>
      </object_component>
      <object_component id="oc-1d">
         <name>.debug_info</name>
         <load_address>0x359</load_address>
         <run_address>0x359</run_address>
         <size>0x16a</size>
         <input_file_ref idref="fl-13f"/>
      </object_component>
      <object_component id="oc-23">
         <name>.debug_info</name>
         <load_address>0x4c3</load_address>
         <run_address>0x4c3</run_address>
         <size>0x18e</size>
         <input_file_ref idref="fl-13e"/>
      </object_component>
      <object_component id="oc-2a">
         <name>.debug_info</name>
         <load_address>0x651</load_address>
         <run_address>0x651</run_address>
         <size>0x1e6</size>
         <input_file_ref idref="fl-4"/>
      </object_component>
      <object_component id="oc-31">
         <name>.debug_info</name>
         <load_address>0x837</load_address>
         <run_address>0x837</run_address>
         <size>0xed</size>
         <input_file_ref idref="fl-4"/>
      </object_component>
      <object_component id="oc-34">
         <name>.debug_info</name>
         <load_address>0x924</load_address>
         <run_address>0x924</run_address>
         <size>0x13d</size>
         <input_file_ref idref="fl-14c"/>
      </object_component>
      <object_component id="oc-39">
         <name>.debug_info</name>
         <load_address>0xa61</load_address>
         <run_address>0xa61</run_address>
         <size>0x11c</size>
         <input_file_ref idref="fl-14a"/>
      </object_component>
      <object_component id="oc-40">
         <name>.debug_info</name>
         <load_address>0xb7d</load_address>
         <run_address>0xb7d</run_address>
         <size>0x1c2</size>
         <input_file_ref idref="fl-140"/>
      </object_component>
      <object_component id="oc-44">
         <name>.debug_info</name>
         <load_address>0xd3f</load_address>
         <run_address>0xd3f</run_address>
         <size>0xbe</size>
         <input_file_ref idref="fl-144"/>
      </object_component>
      <object_component id="oc-48">
         <name>.debug_info</name>
         <load_address>0xdfd</load_address>
         <run_address>0xdfd</run_address>
         <size>0xcc</size>
         <input_file_ref idref="fl-142"/>
      </object_component>
      <object_component id="oc-4d">
         <name>.debug_info</name>
         <load_address>0xec9</load_address>
         <run_address>0xec9</run_address>
         <size>0x46</size>
         <input_file_ref idref="fl-13d"/>
      </object_component>
      <object_component id="oc-52">
         <name>.debug_info</name>
         <load_address>0xf0f</load_address>
         <run_address>0xf0f</run_address>
         <size>0xf2</size>
         <input_file_ref idref="fl-13d"/>
      </object_component>
      <object_component id="oc-54">
         <name>.debug_info</name>
         <load_address>0x1001</load_address>
         <run_address>0x1001</run_address>
         <size>0x46</size>
         <input_file_ref idref="fl-13f"/>
      </object_component>
      <object_component id="oc-59">
         <name>.debug_info</name>
         <load_address>0x1047</load_address>
         <run_address>0x1047</run_address>
         <size>0xad</size>
         <input_file_ref idref="fl-13f"/>
      </object_component>
      <object_component id="oc-5b">
         <name>.debug_info</name>
         <load_address>0x10f4</load_address>
         <run_address>0x10f4</run_address>
         <size>0x1ef</size>
         <input_file_ref idref="fl-13e"/>
      </object_component>
      <object_component id="oc-61">
         <name>.debug_info</name>
         <load_address>0x12e3</load_address>
         <run_address>0x12e3</run_address>
         <size>0xb7</size>
         <input_file_ref idref="fl-13e"/>
      </object_component>
      <object_component id="oc-62">
         <name>.debug_info</name>
         <load_address>0x139a</load_address>
         <run_address>0x139a</run_address>
         <size>0x39</size>
         <input_file_ref idref="fl-13e"/>
      </object_component>
      <object_component id="oc-6a">
         <name>.debug_info</name>
         <load_address>0x13d3</load_address>
         <run_address>0x13d3</run_address>
         <size>0x84</size>
         <input_file_ref idref="fl-4"/>
      </object_component>
      <object_component id="oc-6f">
         <name>.debug_info</name>
         <load_address>0x1457</load_address>
         <run_address>0x1457</run_address>
         <size>0x18b</size>
         <input_file_ref idref="fl-2"/>
      </object_component>
      <object_component id="oc-78">
         <name>.debug_info</name>
         <load_address>0x15e2</load_address>
         <run_address>0x15e2</run_address>
         <size>0x14b</size>
         <input_file_ref idref="fl-14d"/>
      </object_component>
      <object_component id="oc-7c">
         <name>.debug_info</name>
         <load_address>0x172d</load_address>
         <run_address>0x172d</run_address>
         <size>0x5ea</size>
         <input_file_ref idref="fl-3"/>
      </object_component>
      <object_component id="oc-82">
         <name>.debug_info</name>
         <load_address>0x1d17</load_address>
         <run_address>0x1d17</run_address>
         <size>0x11b</size>
         <input_file_ref idref="fl-14a"/>
      </object_component>
      <object_component id="oc-84">
         <name>.debug_info</name>
         <load_address>0x1e32</load_address>
         <run_address>0x1e32</run_address>
         <size>0xc8</size>
         <input_file_ref idref="fl-148"/>
      </object_component>
      <object_component id="oc-87">
         <name>.debug_info</name>
         <load_address>0x1efa</load_address>
         <run_address>0x1efa</run_address>
         <size>0xeb</size>
         <input_file_ref idref="fl-140"/>
      </object_component>
      <object_component id="oc-8a">
         <name>.debug_info</name>
         <load_address>0x1fe5</load_address>
         <run_address>0x1fe5</run_address>
         <size>0x146</size>
         <input_file_ref idref="fl-140"/>
      </object_component>
      <object_component id="oc-8f">
         <name>.debug_info</name>
         <load_address>0x212b</load_address>
         <run_address>0x212b</run_address>
         <size>0x2c</size>
         <input_file_ref idref="fl-13d"/>
      </object_component>
      <object_component id="oc-96">
         <name>.debug_info</name>
         <load_address>0x2157</load_address>
         <run_address>0x2157</run_address>
         <size>0x2c</size>
         <input_file_ref idref="fl-2"/>
      </object_component>
      <object_component id="oc-a0">
         <name>.debug_info</name>
         <load_address>0x2183</load_address>
         <run_address>0x2183</run_address>
         <size>0x8b</size>
         <input_file_ref idref="fl-2"/>
      </object_component>
      <object_component id="oc-a6">
         <name>.debug_info</name>
         <load_address>0x220e</load_address>
         <run_address>0x220e</run_address>
         <size>0x148</size>
         <input_file_ref idref="fl-14d"/>
      </object_component>
      <object_component id="oc-a8">
         <name>.debug_info</name>
         <load_address>0x2356</load_address>
         <run_address>0x2356</run_address>
         <size>0x504</size>
         <input_file_ref idref="fl-7"/>
      </object_component>
      <object_component id="oc-ae">
         <name>.debug_info</name>
         <load_address>0x285a</load_address>
         <run_address>0x285a</run_address>
         <size>0x6ac</size>
         <input_file_ref idref="fl-2"/>
      </object_component>
      <object_component id="oc-b4">
         <name>.debug_info</name>
         <load_address>0x2f06</load_address>
         <run_address>0x2f06</run_address>
         <size>0x1333</size>
         <input_file_ref idref="fl-c"/>
      </object_component>
      <object_component id="oc-ba">
         <name>.debug_info</name>
         <load_address>0x4239</load_address>
         <run_address>0x4239</run_address>
         <size>0x219</size>
         <input_file_ref idref="fl-15e"/>
      </object_component>
      <object_component id="oc-c1">
         <name>.debug_info</name>
         <load_address>0x4452</load_address>
         <run_address>0x4452</run_address>
         <size>0x569</size>
         <input_file_ref idref="fl-8"/>
      </object_component>
      <object_component id="oc-c7">
         <name>.debug_info</name>
         <load_address>0x49bb</load_address>
         <run_address>0x49bb</run_address>
         <size>0x550</size>
         <input_file_ref idref="fl-6"/>
      </object_component>
      <object_component id="oc-cd">
         <name>.debug_info</name>
         <load_address>0x4f0b</load_address>
         <run_address>0x4f0b</run_address>
         <size>0x340</size>
         <input_file_ref idref="fl-5"/>
      </object_component>
      <object_component id="oc-d3">
         <name>.debug_info</name>
         <load_address>0x524b</load_address>
         <run_address>0x524b</run_address>
         <size>0x6d1</size>
         <input_file_ref idref="fl-a"/>
      </object_component>
      <object_component id="oc-d9">
         <name>.debug_info</name>
         <load_address>0x591c</load_address>
         <run_address>0x591c</run_address>
         <size>0x551</size>
         <input_file_ref idref="fl-b"/>
      </object_component>
      <object_component id="oc-df">
         <name>.debug_info</name>
         <load_address>0x5e6d</load_address>
         <run_address>0x5e6d</run_address>
         <size>0x51a</size>
         <input_file_ref idref="fl-3"/>
      </object_component>
      <object_component id="oc-e2">
         <name>.debug_info</name>
         <load_address>0x6387</load_address>
         <run_address>0x6387</run_address>
         <size>0x42e</size>
         <input_file_ref idref="fl-6"/>
      </object_component>
      <object_component id="oc-e8">
         <name>.debug_info</name>
         <load_address>0x67b5</load_address>
         <run_address>0x67b5</run_address>
         <size>0x5e</size>
         <input_file_ref idref="fl-14a"/>
      </object_component>
      <object_component id="oc-ef">
         <name>.debug_info</name>
         <load_address>0x6813</load_address>
         <run_address>0x6813</run_address>
         <size>0x1d4</size>
         <input_file_ref idref="fl-148"/>
      </object_component>
      <object_component id="oc-f5">
         <name>.debug_info</name>
         <load_address>0x69e7</load_address>
         <run_address>0x69e7</run_address>
         <size>0xd9</size>
         <input_file_ref idref="fl-148"/>
      </object_component>
      <object_component id="oc-fd">
         <name>.debug_info</name>
         <load_address>0x6ac0</load_address>
         <run_address>0x6ac0</run_address>
         <size>0xcd</size>
         <input_file_ref idref="fl-14d"/>
      </object_component>
      <object_component id="oc-103">
         <name>.debug_info</name>
         <load_address>0x6b8d</load_address>
         <run_address>0x6b8d</run_address>
         <size>0x1c7</size>
         <input_file_ref idref="fl-15e"/>
      </object_component>
      <object_component id="oc-109">
         <name>.debug_info</name>
         <load_address>0x6d54</load_address>
         <run_address>0x6d54</run_address>
         <size>0x1e1</size>
         <input_file_ref idref="fl-15e"/>
      </object_component>
      <object_component id="oc-10f">
         <name>.debug_info</name>
         <load_address>0x6f35</load_address>
         <run_address>0x6f35</run_address>
         <size>0x1dd</size>
         <input_file_ref idref="fl-162"/>
      </object_component>
      <object_component id="oc-115">
         <name>.debug_info</name>
         <load_address>0x7112</load_address>
         <run_address>0x7112</run_address>
         <size>0x1e4</size>
         <input_file_ref idref="fl-162"/>
      </object_component>
      <object_component id="oc-11b">
         <name>.debug_info</name>
         <load_address>0x72f6</load_address>
         <run_address>0x72f6</run_address>
         <size>0x217</size>
         <input_file_ref idref="fl-160"/>
      </object_component>
      <object_component id="oc-121">
         <name>.debug_info</name>
         <load_address>0x750d</load_address>
         <run_address>0x750d</run_address>
         <size>0x21a</size>
         <input_file_ref idref="fl-160"/>
      </object_component>
      <object_component id="oc-127">
         <name>.debug_info</name>
         <load_address>0x7727</load_address>
         <run_address>0x7727</run_address>
         <size>0x228</size>
         <input_file_ref idref="fl-160"/>
      </object_component>
      <object_component id="oc-12d">
         <name>.debug_info</name>
         <load_address>0x794f</load_address>
         <run_address>0x794f</run_address>
         <size>0x1da</size>
         <input_file_ref idref="fl-160"/>
      </object_component>
      <object_component id="oc-133">
         <name>.debug_info</name>
         <load_address>0x7b29</load_address>
         <run_address>0x7b29</run_address>
         <size>0x25a</size>
         <input_file_ref idref="fl-160"/>
      </object_component>
      <object_component id="oc-139">
         <name>.debug_info</name>
         <load_address>0x7d83</load_address>
         <run_address>0x7d83</run_address>
         <size>0x322</size>
         <input_file_ref idref="fl-7"/>
      </object_component>
      <object_component id="oc-13e">
         <name>.debug_info</name>
         <load_address>0x80a5</load_address>
         <run_address>0x80a5</run_address>
         <size>0x1be</size>
         <input_file_ref idref="fl-15d"/>
      </object_component>
      <object_component id="oc-144">
         <name>.debug_info</name>
         <load_address>0x8263</load_address>
         <run_address>0x8263</run_address>
         <size>0x1a4</size>
         <input_file_ref idref="fl-161"/>
      </object_component>
      <object_component id="oc-14a">
         <name>.debug_info</name>
         <load_address>0x8407</load_address>
         <run_address>0x8407</run_address>
         <size>0x155</size>
         <input_file_ref idref="fl-2"/>
      </object_component>
      <object_component id="oc-14d">
         <name>.debug_info</name>
         <load_address>0x855c</load_address>
         <run_address>0x855c</run_address>
         <size>0x90</size>
         <input_file_ref idref="fl-2"/>
      </object_component>
      <object_component id="oc-153">
         <name>.debug_info</name>
         <load_address>0x85ec</load_address>
         <run_address>0x85ec</run_address>
         <size>0x1df</size>
         <input_file_ref idref="fl-162"/>
      </object_component>
      <object_component id="oc-159">
         <name>.debug_info</name>
         <load_address>0x87cb</load_address>
         <run_address>0x87cb</run_address>
         <size>0x28a</size>
         <input_file_ref idref="fl-15b"/>
      </object_component>
      <object_component id="oc-15f">
         <name>.debug_info</name>
         <load_address>0x8a55</load_address>
         <run_address>0x8a55</run_address>
         <size>0x1f3</size>
         <input_file_ref idref="fl-15b"/>
      </object_component>
      <object_component id="oc-165">
         <name>.debug_info</name>
         <load_address>0x8c48</load_address>
         <run_address>0x8c48</run_address>
         <size>0x1cc</size>
         <input_file_ref idref="fl-161"/>
      </object_component>
      <object_component id="oc-16b">
         <name>.debug_info</name>
         <load_address>0x8e14</load_address>
         <run_address>0x8e14</run_address>
         <size>0x1f3</size>
         <input_file_ref idref="fl-15b"/>
      </object_component>
      <object_component id="oc-171">
         <name>.debug_info</name>
         <load_address>0x9007</load_address>
         <run_address>0x9007</run_address>
         <size>0x1e9</size>
         <input_file_ref idref="fl-15b"/>
      </object_component>
      <object_component id="oc-177">
         <name>.debug_info</name>
         <load_address>0x91f0</load_address>
         <run_address>0x91f0</run_address>
         <size>0x1e3</size>
         <input_file_ref idref="fl-15b"/>
      </object_component>
      <object_component id="oc-17d">
         <name>.debug_info</name>
         <load_address>0x93d3</load_address>
         <run_address>0x93d3</run_address>
         <size>0x1f1</size>
         <input_file_ref idref="fl-15b"/>
      </object_component>
      <object_component id="oc-183">
         <name>.debug_info</name>
         <load_address>0x95c4</load_address>
         <run_address>0x95c4</run_address>
         <size>0x1f1</size>
         <input_file_ref idref="fl-15b"/>
      </object_component>
      <object_component id="oc-189">
         <name>.debug_info</name>
         <load_address>0x97b5</load_address>
         <run_address>0x97b5</run_address>
         <size>0x237</size>
         <input_file_ref idref="fl-15b"/>
      </object_component>
      <object_component id="oc-18f">
         <name>.debug_info</name>
         <load_address>0x99ec</load_address>
         <run_address>0x99ec</run_address>
         <size>0x1b7</size>
         <input_file_ref idref="fl-15b"/>
      </object_component>
      <object_component id="oc-195">
         <name>.debug_info</name>
         <load_address>0x9ba3</load_address>
         <run_address>0x9ba3</run_address>
         <size>0xfc</size>
         <input_file_ref idref="fl-143"/>
      </object_component>
      <object_component id="oc-19d">
         <name>.debug_info</name>
         <load_address>0x9c9f</load_address>
         <run_address>0x9c9f</run_address>
         <size>0x2e2</size>
         <input_file_ref idref="fl-147"/>
      </object_component>
      <object_component id="oc-1a0">
         <name>.debug_info</name>
         <load_address>0x9f81</load_address>
         <run_address>0x9f81</run_address>
         <size>0x153</size>
         <input_file_ref idref="fl-145"/>
      </object_component>
      <object_component id="oc-1a6">
         <name>.debug_info</name>
         <load_address>0xa0d4</load_address>
         <run_address>0xa0d4</run_address>
         <size>0x786</size>
         <input_file_ref idref="fl-c"/>
      </object_component>
      <object_component id="oc-1aa">
         <name>.debug_info</name>
         <load_address>0xa85a</load_address>
         <run_address>0xa85a</run_address>
         <size>0xd1</size>
         <input_file_ref idref="fl-c"/>
      </object_component>
      <object_component id="oc-1ad">
         <name>.debug_info</name>
         <load_address>0xa92b</load_address>
         <run_address>0xa92b</run_address>
         <size>0x141</size>
         <input_file_ref idref="fl-c"/>
      </object_component>
      <object_component id="oc-1b2">
         <name>.debug_info</name>
         <load_address>0xaa6c</load_address>
         <run_address>0xaa6c</run_address>
         <size>0xd1</size>
         <input_file_ref idref="fl-c"/>
      </object_component>
      <object_component id="oc-1bd">
         <name>.debug_info</name>
         <load_address>0xab3d</load_address>
         <run_address>0xab3d</run_address>
         <size>0x4e</size>
         <input_file_ref idref="fl-2"/>
      </object_component>
      <object_component id="oc-1c2">
         <name>.debug_info</name>
         <load_address>0xab8b</load_address>
         <run_address>0xab8b</run_address>
         <size>0x14a</size>
         <input_file_ref idref="fl-2"/>
      </object_component>
      <object_component id="oc-1c8">
         <name>.debug_info</name>
         <load_address>0xacd5</load_address>
         <run_address>0xacd5</run_address>
         <size>0xff</size>
         <input_file_ref idref="fl-15e"/>
      </object_component>
      <object_component id="oc-1cb">
         <name>.debug_info</name>
         <load_address>0xadd4</load_address>
         <run_address>0xadd4</run_address>
         <size>0x18b</size>
         <input_file_ref idref="fl-15b"/>
      </object_component>
      <object_component id="oc-1d1">
         <name>.debug_info</name>
         <load_address>0xaf5f</load_address>
         <run_address>0xaf5f</run_address>
         <size>0x1ed</size>
         <input_file_ref idref="fl-15f"/>
      </object_component>
      <object_component id="oc-1d7">
         <name>.debug_info</name>
         <load_address>0xb14c</load_address>
         <run_address>0xb14c</run_address>
         <size>0xcd</size>
         <input_file_ref idref="fl-8"/>
      </object_component>
      <object_component id="oc-1da">
         <name>.debug_info</name>
         <load_address>0xb219</load_address>
         <run_address>0xb219</run_address>
         <size>0x170</size>
         <input_file_ref idref="fl-8"/>
      </object_component>
      <object_component id="oc-1e0">
         <name>.debug_info</name>
         <load_address>0xb389</load_address>
         <run_address>0xb389</run_address>
         <size>0x2b4</size>
         <input_file_ref idref="fl-164"/>
      </object_component>
      <object_component id="oc-1e5">
         <name>.debug_info</name>
         <load_address>0xb63d</load_address>
         <run_address>0xb63d</run_address>
         <size>0x28a</size>
         <input_file_ref idref="fl-164"/>
      </object_component>
      <object_component id="oc-1eb">
         <name>.debug_info</name>
         <load_address>0xb8c7</load_address>
         <run_address>0xb8c7</run_address>
         <size>0x297</size>
         <input_file_ref idref="fl-164"/>
      </object_component>
      <object_component id="oc-1f1">
         <name>.debug_info</name>
         <load_address>0xbb5e</load_address>
         <run_address>0xbb5e</run_address>
         <size>0x204</size>
         <input_file_ref idref="fl-164"/>
      </object_component>
      <object_component id="oc-1f8">
         <name>.debug_info</name>
         <load_address>0xbd62</load_address>
         <run_address>0xbd62</run_address>
         <size>0x1f8</size>
         <input_file_ref idref="fl-164"/>
      </object_component>
      <object_component id="oc-1fe">
         <name>.debug_info</name>
         <load_address>0xbf5a</load_address>
         <run_address>0xbf5a</run_address>
         <size>0x208</size>
         <input_file_ref idref="fl-164"/>
      </object_component>
      <object_component id="oc-204">
         <name>.debug_info</name>
         <load_address>0xc162</load_address>
         <run_address>0xc162</run_address>
         <size>0x245</size>
         <input_file_ref idref="fl-164"/>
      </object_component>
      <object_component id="oc-209">
         <name>.debug_info</name>
         <load_address>0xc3a7</load_address>
         <run_address>0xc3a7</run_address>
         <size>0x2fb</size>
         <input_file_ref idref="fl-164"/>
      </object_component>
      <object_component id="oc-20f">
         <name>.debug_info</name>
         <load_address>0xc6a2</load_address>
         <run_address>0xc6a2</run_address>
         <size>0x1eb</size>
         <input_file_ref idref="fl-162"/>
      </object_component>
      <object_component id="oc-216">
         <name>.debug_info</name>
         <load_address>0xc88d</load_address>
         <run_address>0xc88d</run_address>
         <size>0x207</size>
         <input_file_ref idref="fl-162"/>
      </object_component>
      <object_component id="oc-21e">
         <name>.debug_info</name>
         <load_address>0xca94</load_address>
         <run_address>0xca94</run_address>
         <size>0x214</size>
         <input_file_ref idref="fl-15c"/>
      </object_component>
      <object_component id="oc-224">
         <name>.debug_info</name>
         <load_address>0xcca8</load_address>
         <run_address>0xcca8</run_address>
         <size>0xd9</size>
         <input_file_ref idref="fl-5"/>
      </object_component>
      <object_component id="oc-227">
         <name>.debug_info</name>
         <load_address>0xcd81</load_address>
         <run_address>0xcd81</run_address>
         <size>0x39</size>
         <input_file_ref idref="fl-2"/>
      </object_component>
      <object_component id="oc-22d">
         <name>.debug_info</name>
         <load_address>0xcdba</load_address>
         <run_address>0xcdba</run_address>
         <size>0x2f5</size>
         <input_file_ref idref="fl-9"/>
      </object_component>
      <object_component id="oc-234">
         <name>.debug_info</name>
         <load_address>0xd0af</load_address>
         <run_address>0xd0af</run_address>
         <size>0xdf</size>
         <input_file_ref idref="fl-141"/>
      </object_component>
      <object_component id="oc-238">
         <name>.debug_info</name>
         <load_address>0xd18e</load_address>
         <run_address>0xd18e</run_address>
         <size>0x126</size>
         <input_file_ref idref="fl-a"/>
      </object_component>
      <object_component id="oc-23b">
         <name>.debug_info</name>
         <load_address>0xd2b4</load_address>
         <run_address>0xd2b4</run_address>
         <size>0xe3</size>
         <input_file_ref idref="fl-a"/>
      </object_component>
      <object_component id="oc-23e">
         <name>.debug_info</name>
         <load_address>0xd397</load_address>
         <run_address>0xd397</run_address>
         <size>0x2a6</size>
         <input_file_ref idref="fl-a"/>
      </object_component>
      <object_component id="oc-243">
         <name>.debug_info</name>
         <load_address>0xd63d</load_address>
         <run_address>0xd63d</run_address>
         <size>0xe7</size>
         <input_file_ref idref="fl-a"/>
      </object_component>
      <object_component id="oc-247">
         <name>.debug_info</name>
         <load_address>0xd724</load_address>
         <run_address>0xd724</run_address>
         <size>0xdb</size>
         <input_file_ref idref="fl-a"/>
      </object_component>
      <object_component id="oc-24b">
         <name>.debug_info</name>
         <load_address>0xd7ff</load_address>
         <run_address>0xd7ff</run_address>
         <size>0x1f9</size>
         <input_file_ref idref="fl-162"/>
      </object_component>
      <object_component id="oc-251">
         <name>.debug_info</name>
         <load_address>0xd9f8</load_address>
         <run_address>0xd9f8</run_address>
         <size>0x1f3</size>
         <input_file_ref idref="fl-162"/>
      </object_component>
      <object_component id="oc-257">
         <name>.debug_info</name>
         <load_address>0xdbeb</load_address>
         <run_address>0xdbeb</run_address>
         <size>0x1f1</size>
         <input_file_ref idref="fl-162"/>
      </object_component>
      <object_component id="oc-25d">
         <name>.debug_info</name>
         <load_address>0xdddc</load_address>
         <run_address>0xdddc</run_address>
         <size>0x1e3</size>
         <input_file_ref idref="fl-162"/>
      </object_component>
      <object_component id="oc-263">
         <name>.debug_info</name>
         <load_address>0xdfbf</load_address>
         <run_address>0xdfbf</run_address>
         <size>0x2a6</size>
         <input_file_ref idref="fl-b"/>
      </object_component>
      <object_component id="oc-267">
         <name>.debug_info</name>
         <load_address>0xe265</load_address>
         <run_address>0xe265</run_address>
         <size>0x103</size>
         <input_file_ref idref="fl-b"/>
      </object_component>
      <object_component id="oc-26a">
         <name>.debug_info</name>
         <load_address>0xe368</load_address>
         <run_address>0xe368</run_address>
         <size>0x51</size>
         <input_file_ref idref="fl-2"/>
      </object_component>
      <object_component id="oc-271">
         <name>.debug_info</name>
         <load_address>0xe3b9</load_address>
         <run_address>0xe3b9</run_address>
         <size>0x4c</size>
         <input_file_ref idref="fl-3"/>
      </object_component>
      <object_component id="oc-27c">
         <name>.debug_info</name>
         <load_address>0xe405</load_address>
         <run_address>0xe405</run_address>
         <size>0x226</size>
         <input_file_ref idref="fl-15e"/>
      </object_component>
      <object_component id="oc-27f">
         <name>.debug_info</name>
         <load_address>0xe62b</load_address>
         <run_address>0xe62b</run_address>
         <size>0x217</size>
         <input_file_ref idref="fl-162"/>
      </object_component>
      <object_component id="oc-285">
         <name>.debug_info</name>
         <load_address>0xe842</load_address>
         <run_address>0xe842</run_address>
         <size>0x312</size>
         <input_file_ref idref="fl-162"/>
      </object_component>
      <object_component id="oc-28c">
         <name>.debug_info</name>
         <load_address>0xeb54</load_address>
         <run_address>0xeb54</run_address>
         <size>0x10d</size>
         <input_file_ref idref="fl-162"/>
      </object_component>
      <object_component id="oc-28f">
         <name>.debug_info</name>
         <load_address>0xec61</load_address>
         <run_address>0xec61</run_address>
         <size>0x1d7</size>
         <input_file_ref idref="fl-162"/>
      </object_component>
      <object_component id="oc-291">
         <name>.debug_info</name>
         <load_address>0xee38</load_address>
         <run_address>0xee38</run_address>
         <size>0x194</size>
         <input_file_ref idref="fl-160"/>
      </object_component>
      <object_component id="oc-294">
         <name>.debug_info</name>
         <load_address>0xefcc</load_address>
         <run_address>0xefcc</run_address>
         <size>0x90</size>
         <input_file_ref idref="fl-15b"/>
[...]
      <symbol id="sm-21e">
         <name>LINE_SENSOR_VALUE</name>
         <value>0x44cc</value>
         <object_component_ref idref="oc-242"/>
      </symbol>
      <symbol id="sm-21f">
         <name>error_value</name>
         <value>0x43cc</value>
         <object_component_ref idref="oc-246"/>
      </symbol>
      <symbol id="sm-258">
         <name>Button_init</name>
         <value>0x2a4d</value>
         <object_component_ref idref="oc-d8"/>
      </symbol>
      <symbol id="sm-259">
         <name>ButtonRegisterCallback</name>
         <value>0x2ac7</value>
         <object_component_ref idref="oc-d8"/>
      </symbol>
      <symbol id="sm-2fe">
         <name>hc05_EvtQueue</name>
         <value>0x20001ee8</value>
      </symbol>
      <symbol id="sm-2ff">
         <name>hc05_evt_w_index</name>
         <value>0x20001f26</value>
      </symbol>
      <symbol id="sm-300">
         <name>hc05_evt_r_index</name>
         <value>0x20001f25</value>
      </symbol>
      <symbol id="sm-301">
         <name>hc05_IsEvtQueueFull</name>
         <value>0x20001f21</value>
      </symbol>
      <symbol id="sm-302">
         <name>HC05_Notify_Callbacks</name>
         <value>0x20001ed4</value>
      </symbol>
      <symbol id="sm-303">
         <name>HC05_GetRxData</name>
         <value>0x143d</value>
         <object_component_ref idref="oc-b3"/>
      </symbol>
      <symbol id="sm-304">
         <name>HC05_StopTimeout</name>
         <value>0x17a1</value>
         <object_component_ref idref="oc-b3"/>
      </symbol>
      <symbol id="sm-305">
         <name>HC05_RegisterEvtNotify</name>
         <value>0x1491</value>
         <object_component_ref idref="oc-b3"/>
      </symbol>
      <symbol id="sm-306">
         <name>HC05_QueryRxData</name>
         <value>0x1425</value>
         <object_component_ref idref="oc-b3"/>
      </symbol>
      <symbol id="sm-307">
         <name>HC05_UnregisterEvtNotify</name>
         <value>0x14e1</value>
         <object_component_ref idref="oc-b3"/>
      </symbol>
      <symbol id="sm-308">
         <name>bluetooth_send</name>
         <value>0x133f</value>
         <object_component_ref idref="oc-b3"/>
      </symbol>
      <symbol id="sm-309">
         <name>HC05_GetSystemInfoID</name>
         <value>0x156b</value>
         <object_component_ref idref="oc-b3"/>
      </symbol>
      <symbol id="sm-30a">
         <name>bluetooth_print</name>
         <value>0x13d5</value>
         <object_component_ref idref="oc-b3"/>
      </symbol>
      <symbol id="sm-30b">
         <name>HC05_RunTimeout</name>
         <value>0x178f</value>
         <object_component_ref idref="oc-b3"/>
      </symbol>
      <symbol id="sm-30c">
         <name>HC05_GetSystemInfoType</name>
         <value>0x1565</value>
         <object_component_ref idref="oc-b3"/>
      </symbol>
      <symbol id="sm-30d">
         <name>bluetooth_recv</name>
         <value>0x1265</value>
         <object_component_ref idref="oc-b3"/>
      </symbol>
      <symbol id="sm-30e">
         <name>HC05_NotifyUpperLayer</name>
         <value>0x151f</value>
         <object_component_ref idref="oc-b3"/>
      </symbol>
      <symbol id="sm-30f">
         <name>HC05_HandleTimeoutEvt</name>
         <value>0x1785</value>
         <object_component_ref idref="oc-b3"/>
      </symbol>
      <symbol id="sm-310">
         <name>HC05_GetRxSize</name>
         <value>0x147f</value>
         <object_component_ref idref="oc-b3"/>
      </symbol>
      <symbol id="sm-311">
         <name>HC05_EventProcessing</name>
         <value>0x1571</value>
         <object_component_ref idref="oc-b3"/>
      </symbol>
      <symbol id="sm-312">
         <name>HC05_ClearEvtQueue</name>
         <value>0x1765</value>
         <object_component_ref idref="oc-b3"/>
      </symbol>
      <symbol id="sm-313">
         <name>bluetooth_init</name>
         <value>0x112d</value>
         <object_component_ref idref="oc-b3"/>
      </symbol>
      <symbol id="sm-325">
         <name>_c_int00</name>
         <value>0x38a9</value>
         <object_component_ref idref="oc-11"/>
      </symbol>
      <symbol id="sm-326">
         <name>__stack</name>
         <value>0x2000026c</value>
         <object_component_ref idref="oc-28"/>
      </symbol>
      <symbol id="sm-33d">
         <name>__TI_decompress_none</name>
         <value>0x3edb</value>
         <object_component_ref idref="oc-16"/>
      </symbol>
      <symbol id="sm-361">
         <name>__TI_decompress_rle24</name>
         <value>0x3f73</value>
         <object_component_ref idref="oc-22"/>
      </symbol>
      <symbol id="sm-375">
         <name>__TI_zero_init</name>
         <value>0x3e7d</value>
         <object_component_ref idref="oc-1c"/>
      </symbol>
      <symbol id="sm-394">
         <name>C$$EXIT</name>
         <value>0x39c5</value>
         <object_component_ref idref="oc-3d"/>
      </symbol>
      <symbol id="sm-395">
         <name>abort</name>
         <value>0x39c9</value>
         <object_component_ref idref="oc-3d"/>
      </symbol>
      <symbol id="sm-396">
         <name>exit</name>
         <value>0x39d1</value>
         <object_component_ref idref="oc-3d"/>
      </symbol>
      <symbol id="sm-397">
         <name>__TI_dtors_ptr</name>
         <value>0x20001f80</value>
         <object_component_ref idref="oc-86"/>
      </symbol>
      <symbol id="sm-398">
         <name>__TI_cleanup_ptr</name>
         <value>0x20001f7c</value>
         <object_component_ref idref="oc-86"/>
      </symbol>
      <symbol id="sm-3a3">
         <name>__aeabi_f2d</name>
         <value>0x3b4b</value>
         <object_component_ref idref="oc-232"/>
      </symbol>
      <symbol id="sm-3be">
         <name>memcpy</name>
         <value>0x3335</value>
         <object_component_ref idref="oc-47"/>
      </symbol>
      <symbol id="sm-3bf">
         <name>__aeabi_memcpy</name>
         <value>0x3335</value>
         <object_component_ref idref="oc-47"/>
      </symbol>
      <symbol id="sm-3c0">
         <name>__aeabi_memcpy8</name>
         <value>0x3335</value>
         <object_component_ref idref="oc-47"/>
      </symbol>
      <symbol id="sm-3c1">
         <name>__aeabi_memcpy4</name>
         <value>0x3335</value>
         <object_component_ref idref="oc-47"/>
      </symbol>
      <symbol id="sm-3d0">
         <name>__aeabi_memset</name>
         <value>0x35f3</value>
         <object_component_ref idref="oc-194"/>
      </symbol>
      <symbol id="sm-3d1">
         <name>memset</name>
         <value>0x35f9</value>
         <object_component_ref idref="oc-194"/>
      </symbol>
      <symbol id="sm-3d2">
         <name>__aeabi_memset8</name>
         <value>0x35f3</value>
         <object_component_ref idref="oc-194"/>
      </symbol>
      <symbol id="sm-3d3">
         <name>__aeabi_memset4</name>
         <value>0x35f3</value>
         <object_component_ref idref="oc-194"/>
      </symbol>
      <symbol id="sm-3d4">
         <name>__aeabi_memclr8</name>
         <value>0x35f1</value>
         <object_component_ref idref="oc-194"/>
      </symbol>
      <symbol id="sm-3d5">
         <name>__aeabi_memclr4</name>
         <value>0x35f1</value>
         <object_component_ref idref="oc-194"/>
      </symbol>
      <symbol id="sm-3d6">
         <name>__aeabi_memclr</name>
         <value>0x35f1</value>
         <object_component_ref idref="oc-194"/>
      </symbol>
      <symbol id="sm-3de">
         <name>main_func_sp</name>
         <value>0x20001f88</value>
         <object_component_ref idref="oc-43"/>
      </symbol>
      <symbol id="sm-3ec">
         <name>strlen</name>
         <value>0x3e21</value>
         <object_component_ref idref="oc-19f"/>
      </symbol>
      <symbol id="sm-406">
         <name>vsprintf</name>
         <value>0x3939</value>
         <object_component_ref idref="oc-199"/>
      </symbol>
      <symbol id="sm-41f">
         <name>_nop</name>
         <value>0x3e1b</value>
         <object_component_ref idref="oc-ed"/>
      </symbol>
      <symbol id="sm-420">
         <name>_lock</name>
         <value>0x20001f74</value>
         <object_component_ref idref="oc-83"/>
      </symbol>
      <symbol id="sm-421">
         <name>_unlock</name>
         <value>0x20001f78</value>
         <object_component_ref idref="oc-83"/>
      </symbol>
      <symbol id="sm-422">
         <name>_register_lock</name>
         <value>0x3e13</value>
         <object_component_ref idref="oc-ed"/>
      </symbol>
      <symbol id="sm-423">
         <name>_register_unlock</name>
         <value>0x3e0d</value>
         <object_component_ref idref="oc-ed"/>
      </symbol>
      <symbol id="sm-50f">
         <name>__TI_printfi</name>
         <value>0xe23</value>
         <object_component_ref idref="oc-2d1"/>
      </symbol>
      <symbol id="sm-523">
         <name>_args_main</name>
         <value>0x3d9d</value>
         <object_component_ref idref="oc-37"/>
      </symbol>
      <symbol id="sm-539">
         <name>atoi</name>
         <value>0x37cd</value>
         <object_component_ref idref="oc-392"/>
      </symbol>
      <symbol id="sm-556">
         <name>__TI_auto_init</name>
         <value>0x33d1</value>
         <object_component_ref idref="oc-32"/>
      </symbol>
      <symbol id="sm-56f">
         <name>copy_in</name>
         <value>0x3981</value>
         <object_component_ref idref="oc-74"/>
      </symbol>
      <symbol id="sm-57a">
         <name>_ctypes_</name>
         <value>0x3f7c</value>
         <object_component_ref idref="oc-3e7"/>
      </symbol>
      <symbol id="sm-591">
         <name>__aeabi_dsub</name>
         <value>0x26e1</value>
         <object_component_ref idref="oc-381"/>
      </symbol>
      <symbol id="sm-592">
         <name>__aeabi_dadd</name>
         <value>0x26eb</value>
         <object_component_ref idref="oc-381"/>
      </symbol>
      <symbol id="sm-5b4">
         <name>__aeabi_cdcmpeq</name>
         <value>0x3465</value>
         <object_component_ref idref="oc-35d"/>
      </symbol>
      <symbol id="sm-5b5">
         <name>__aeabi_cdcmple</name>
         <value>0x3465</value>
         <object_component_ref idref="oc-35d"/>
      </symbol>
      <symbol id="sm-5b6">
         <name>__aeabi_cdrcmple</name>
         <value>0x34eb</value>
         <object_component_ref idref="oc-36c"/>
      </symbol>
      <symbol id="sm-5ca">
         <name>__aeabi_ddiv</name>
         <value>0x2eb9</value>
         <object_component_ref idref="oc-367"/>
      </symbol>
      <symbol id="sm-5d5">
         <name>__aeabi_dmul</name>
         <value>0x3239</value>
         <object_component_ref idref="oc-362"/>
      </symbol>
      <symbol id="sm-5df">
         <name>__aeabi_d2iz</name>
         <value>0x38f1</value>
         <object_component_ref idref="oc-371"/>
      </symbol>
      <symbol id="sm-5e9">
         <name>__aeabi_i2d</name>
         <value>0x3c1b</value>
         <object_component_ref idref="oc-37c"/>
      </symbol>
      <symbol id="sm-5f2">
         <name>__aeabi_lmul</name>
         <value>0x3db5</value>
         <object_component_ref idref="oc-358"/>
      </symbol>
      <symbol id="sm-601">
         <name>ltoa</name>
         <value>0x3727</value>
         <object_component_ref idref="oc-376"/>
      </symbol>
      <symbol id="sm-611">
         <name>memccpy</name>
         <value>0x3d09</value>
         <object_component_ref idref="oc-38c"/>
      </symbol>
      <symbol id="sm-62d">
         <name>__aeabi_uldivmod</name>
         <value>0x232d</value>
         <object_component_ref idref="oc-353"/>
      </symbol>
      <symbol id="sm-637">
         <name>_Dclass</name>
         <value>0x3e8f</value>
         <object_component_ref idref="oc-386"/>
      </symbol>
      <symbol id="sm-649">
         <name>_Dtest</name>
         <value>0x3a09</value>
         <object_component_ref idref="oc-3de"/>
      </symbol>
      <symbol id="sm-6dc">
         <name>UARTCharPutNonBlocking</name>
         <value>0x3ecd</value>
         <object_component_ref idref="oc-182"/>
      </symbol>
      <symbol id="sm-6dd">
         <name>UARTTxIntModeSet</name>
         <value>0x3f19</value>
         <object_component_ref idref="oc-170"/>
      </symbol>
      <symbol id="sm-6de">
         <name>UARTConfigSetExpClk</name>
         <value>0x3a4d</value>
         <object_component_ref idref="oc-158"/>
      </symbol>
      <symbol id="sm-6df">
         <name>UARTDisable</name>
         <value>0x3ced</value>
         <object_component_ref idref="oc-2af"/>
      </symbol>
      <symbol id="sm-6e0">
         <name>UARTIntEnable</name>
         <value>0x3f59</value>
         <object_component_ref idref="oc-16a"/>
      </symbol>
      <symbol id="sm-6e1">
         <name>UARTCharsAvail</name>
         <value>0x3f0d</value>
         <object_component_ref idref="oc-18e"/>
      </symbol>
      <symbol id="sm-6e2">
         <name>UARTEnable</name>
         <value>0x3df9</value>
         <object_component_ref idref="oc-2b5"/>
      </symbol>
      <symbol id="sm-6e3">
         <name>UARTIntClear</name>
         <value>0x3f79</value>
         <object_component_ref idref="oc-17c"/>
      </symbol>
      <symbol id="sm-6e4">
         <name>UARTIntStatus</name>
         <value>0x3f4f</value>
         <object_component_ref idref="oc-176"/>
      </symbol>
      <symbol id="sm-6e5">
         <name>UARTCharGet</name>
         <value>0x3f45</value>
         <object_component_ref idref="oc-188"/>
      </symbol>
      <symbol id="sm-6e6">
         <name>UARTIntRegister</name>
         <value>0x3d85</value>
         <object_component_ref idref="oc-15e"/>
      </symbol>
      <symbol id="sm-716">
         <name>TimerIntRegister</name>
         <value>0x3d6d</value>
         <object_component_ref idref="oc-21d"/>
      </symbol>
      <symbol id="sm-725">
         <name>SysTickIntRegister</name>
         <value>0x3cd1</value>
         <object_component_ref idref="oc-13d"/>
      </symbol>
      <symbol id="sm-76c">
         <name>SysCtlDelay</name>
         <value>0x3f6d</value>
         <object_component_ref idref="oc-bf"/>
      </symbol>
      <symbol id="sm-76d">
         <name>SysCtlPeripheralEnable</name>
         <value>0x3bb9</value>
         <object_component_ref idref="oc-108"/>
      </symbol>
      <symbol id="sm-76e">
         <name>SysCtlClockGet</name>
         <value>0x3121</value>
         <object_component_ref idref="oc-b9"/>
      </symbol>
      <symbol id="sm-76f">
         <name>SysCtlPWMClockSet</name>
         <value>0x3de5</value>
         <object_component_ref idref="oc-102"/>
      </symbol>
      <symbol id="sm-78e">
         <name>QEIIntRegister</name>
         <value>0x3d55</value>
         <object_component_ref idref="oc-1d0"/>
      </symbol>
      <symbol id="sm-7bb">
         <name>PWMGenPeriodSet</name>
         <value>0x3ea1</value>
         <object_component_ref idref="oc-120"/>
      </symbol>
      <symbol id="sm-7bc">
         <name>PWMPulseWidthSet</name>
         <value>0x3cb3</value>
         <object_component_ref idref="oc-132"/>
      </symbol>
      <symbol id="sm-7bd">
         <name>PWMOutputState</name>
         <value>0x3e6b</value>
         <object_component_ref idref="oc-126"/>
      </symbol>
      <symbol id="sm-7be">
         <name>PWMGenEnable</name>
         <value>0x3f01</value>
         <object_component_ref idref="oc-12c"/>
      </symbol>
      <symbol id="sm-7bf">
         <name>PWMGenConfigure</name>
         <value>0x3c73</value>
         <object_component_ref idref="oc-11a"/>
      </symbol>
      <symbol id="sm-801">
         <name>IntEnable</name>
         <value>0x3669</value>
         <object_component_ref idref="oc-164"/>
      </symbol>
      <symbol id="sm-802">
         <name>IntRegister</name>
         <value>0x3b85</value>
         <object_component_ref idref="oc-29d"/>
      </symbol>
      <symbol id="sm-803">
         <name>IntMasterDisable</name>
         <value>0x3f3b</value>
         <object_component_ref idref="oc-143"/>
      </symbol>
      <symbol id="sm-804">
         <name>g_pfnRAMVectors</name>
         <value>0x20000000</value>
         <object_component_ref idref="oc-33d"/>
      </symbol>
      <symbol id="sm-897">
         <name>GPIOPinTypePWM</name>
         <value>0x3e47</value>
         <object_component_ref idref="oc-10e"/>
      </symbol>
      <symbol id="sm-898">
         <name>GPIOIntRegister</name>
         <value>0x3d25</value>
         <object_component_ref idref="oc-24a"/>
      </symbol>
      <symbol id="sm-899">
         <name>GPIOPinConfigure</name>
         <value>0x3819</value>
         <object_component_ref idref="oc-114"/>
      </symbol>
      <symbol id="sm-89a">
         <name>GPIOIntEnable</name>
         <value>0x3ef5</value>
         <object_component_ref idref="oc-250"/>
      </symbol>
      <symbol id="sm-89b">
         <name>GPIOIntClear</name>
         <value>0x3f61</value>
         <object_component_ref idref="oc-256"/>
      </symbol>
      <symbol id="sm-89c">
         <name>GPIOPinTypeUART</name>
         <value>0x3e59</value>
         <object_component_ref idref="oc-152"/>
      </symbol>
      <symbol id="sm-89d">
         <name>GPIOIntStatus</name>
         <value>0x3ebf</value>
         <object_component_ref idref="oc-25c"/>
      </symbol>
      <symbol id="sm-89e">
         <name>GPIOPinTypeGPIOOutput</name>
         <value>0x3d3d</value>
         <object_component_ref idref="oc-20e"/>
      </symbol>
      <symbol id="sm-89f">
         <name>GPIODirModeSet</name>
         <value>0x3c49</value>
         <object_component_ref idref="oc-27e"/>
      </symbol>
      <symbol id="sm-8a0">
         <name>GPIOPinWrite</name>
         <value>0x3f67</value>
         <object_component_ref idref="oc-214"/>
      </symbol>
      <symbol id="sm-8a1">
         <name>GPIOPadConfigSet</name>
         <value>0x2fef</value>
         <object_component_ref idref="oc-284"/>
      </symbol>
      <symbol id="sm-8ab">
         <name>CPUcpsid</name>
         <value>0x3ee9</value>
         <object_component_ref idref="oc-2a5"/>
      </symbol>
      <symbol id="sm-903">
         <name>ADCProcessorTrigger</name>
         <value>0x3dcd</value>
         <object_component_ref idref="oc-1fc"/>
      </symbol>
      <symbol id="sm-904">
         <name>ADCSequenceEnable</name>
         <value>0x3eb1</value>
         <object_component_ref idref="oc-1f0"/>
      </symbol>
      <symbol id="sm-905">
         <name>ADCSequenceConfigure</name>
         <value>0x3b0d</value>
         <object_component_ref idref="oc-1e4"/>
      </symbol>
      <symbol id="sm-906">
         <name>ADCSequenceStepConfigure</name>
         <value>0x3571</value>
         <object_component_ref idref="oc-1ea"/>
      </symbol>
      <symbol id="sm-907">
         <name>ADCIntClear</name>
         <value>0x3f31</value>
         <object_component_ref idref="oc-1f6"/>
      </symbol>
      <symbol id="sm-908">
         <name>ADCHardwareOversampleConfigure</name>
         <value>0x3e35</value>
         <object_component_ref idref="oc-1de"/>
      </symbol>
      <symbol id="sm-909">
         <name>ADCIntStatus</name>
         <value>0x3bed</value>
         <object_component_ref idref="oc-202"/>
      </symbol>
      <symbol id="sm-90a">
         <name>ADCSequenceDataGet</name>
         <value>0x3c95</value>
         <object_component_ref idref="oc-208"/>
      </symbol>
      <symbol id="sm-90b">
         <name>__TI_static_base__</name>
         <value>0x0</value>
      </symbol>
      <symbol id="sm-90c">
         <name>__TI_args_main</name>
         <value>0x1</value>
      </symbol>
      <symbol id="sm-90d">
         <name>SHT$$INIT_ARRAY$$Limit</name>
         <value>0x0</value>
      </symbol>
      <symbol id="sm-90e">
         <name>SHT$$INIT_ARRAY$$Base</name>
         <value>0x0</value>
      </symbol>
   </symbol_table>
   <title>Link successful</title>
</link_info>
